###############################################################################
#
# IAR ELF Linker V8.11.3.13950/W32 for ARM                08/Oct/2017  15:04:36
# Copyright 2007-2017 IAR Systems AB.
#
#    Output file  =  
#        C:\Users\kilberg\Documents\Mimsy2\iar\cc2538_foundation_firmware_1_0_1_0\bsp\srf06bb_cc2538\examples\leds\bin\iar\leds_example.out
#    Map file     =  
#        C:\Users\kilberg\Documents\Mimsy2\iar\cc2538_foundation_firmware_1_0_1_0\bsp\srf06bb_cc2538\examples\leds\projects\iar\Debug\List\leds_example.map
#    Command line =  
#        -f C:\Users\kilberg\AppData\Local\Temp\EWC887.tmp
#        (C:\Users\kilberg\Documents\Mimsy2\iar\cc2538_foundation_firmware_1_0_1_0\bsp\srf06bb_cc2538\examples\leds\projects\iar\Debug\Obj\adc.o
#        C:\Users\kilberg\Documents\Mimsy2\iar\cc2538_foundation_firmware_1_0_1_0\bsp\srf06bb_cc2538\examples\leds\projects\iar\Debug\Obj\bsp.o
#        C:\Users\kilberg\Documents\Mimsy2\iar\cc2538_foundation_firmware_1_0_1_0\bsp\srf06bb_cc2538\examples\leds\projects\iar\Debug\Obj\bsp_led.o
#        C:\Users\kilberg\Documents\Mimsy2\iar\cc2538_foundation_firmware_1_0_1_0\bsp\srf06bb_cc2538\examples\leds\projects\iar\Debug\Obj\cpu.o
#        C:\Users\kilberg\Documents\Mimsy2\iar\cc2538_foundation_firmware_1_0_1_0\bsp\srf06bb_cc2538\examples\leds\projects\iar\Debug\Obj\debug.o
#        C:\Users\kilberg\Documents\Mimsy2\iar\cc2538_foundation_firmware_1_0_1_0\bsp\srf06bb_cc2538\examples\leds\projects\iar\Debug\Obj\flash.o
#        C:\Users\kilberg\Documents\Mimsy2\iar\cc2538_foundation_firmware_1_0_1_0\bsp\srf06bb_cc2538\examples\leds\projects\iar\Debug\Obj\gpio.o
#        C:\Users\kilberg\Documents\Mimsy2\iar\cc2538_foundation_firmware_1_0_1_0\bsp\srf06bb_cc2538\examples\leds\projects\iar\Debug\Obj\gptimer.o
#        C:\Users\kilberg\Documents\Mimsy2\iar\cc2538_foundation_firmware_1_0_1_0\bsp\srf06bb_cc2538\examples\leds\projects\iar\Debug\Obj\i2c.o
#        C:\Users\kilberg\Documents\Mimsy2\iar\cc2538_foundation_firmware_1_0_1_0\bsp\srf06bb_cc2538\examples\leds\projects\iar\Debug\Obj\interrupt.o
#        C:\Users\kilberg\Documents\Mimsy2\iar\cc2538_foundation_firmware_1_0_1_0\bsp\srf06bb_cc2538\examples\leds\projects\iar\Debug\Obj\ioc.o
#        C:\Users\kilberg\Documents\Mimsy2\iar\cc2538_foundation_firmware_1_0_1_0\bsp\srf06bb_cc2538\examples\leds\projects\iar\Debug\Obj\led.o
#        C:\Users\kilberg\Documents\Mimsy2\iar\cc2538_foundation_firmware_1_0_1_0\bsp\srf06bb_cc2538\examples\leds\projects\iar\Debug\Obj\leds_example.o
#        C:\Users\kilberg\Documents\Mimsy2\iar\cc2538_foundation_firmware_1_0_1_0\bsp\srf06bb_cc2538\examples\leds\projects\iar\Debug\Obj\sleepmode.o
#        C:\Users\kilberg\Documents\Mimsy2\iar\cc2538_foundation_firmware_1_0_1_0\bsp\srf06bb_cc2538\examples\leds\projects\iar\Debug\Obj\ssi.o
#        C:\Users\kilberg\Documents\Mimsy2\iar\cc2538_foundation_firmware_1_0_1_0\bsp\srf06bb_cc2538\examples\leds\projects\iar\Debug\Obj\startup_iar.o
#        C:\Users\kilberg\Documents\Mimsy2\iar\cc2538_foundation_firmware_1_0_1_0\bsp\srf06bb_cc2538\examples\leds\projects\iar\Debug\Obj\sys_ctrl.o
#        C:\Users\kilberg\Documents\Mimsy2\iar\cc2538_foundation_firmware_1_0_1_0\bsp\srf06bb_cc2538\examples\leds\projects\iar\Debug\Obj\systick.o
#        C:\Users\kilberg\Documents\Mimsy2\iar\cc2538_foundation_firmware_1_0_1_0\bsp\srf06bb_cc2538\examples\leds\projects\iar\Debug\Obj\uart.o
#        C:\Users\kilberg\Documents\Mimsy2\iar\cc2538_foundation_firmware_1_0_1_0\bsp\srf06bb_cc2538\examples\leds\projects\iar\Debug\Obj\udma.o
#        C:\Users\kilberg\Documents\Mimsy2\iar\cc2538_foundation_firmware_1_0_1_0\bsp\srf06bb_cc2538\examples\leds\projects\iar\Debug\Obj\watchdog.o
#        -o
#        C:\Users\kilberg\Documents\Mimsy2\iar\cc2538_foundation_firmware_1_0_1_0\bsp\srf06bb_cc2538\examples\leds\bin\iar\leds_example.out
#        --map
#        C:\Users\kilberg\Documents\Mimsy2\iar\cc2538_foundation_firmware_1_0_1_0\bsp\srf06bb_cc2538\examples\leds\projects\iar\Debug\List\leds_example.map
#        --config "C:\Program Files (x86)\IAR Systems\Embedded Workbench
#        8.0\arm\config\linker\TexasInstruments\cx2538xf53.icf" --semihosting
#        --entry __iar_program_start --vfe --text_out locale)
#
###############################################################################

*******************************************************************************
*** RUNTIME MODEL ATTRIBUTES
***

CppFlavor       = *
__SystemLibrary = DLib
__dlib_version  = 6


*******************************************************************************
*** HEAP SELECTION
***

The basic heap was selected because no calls to memory allocation
functions were found in the application outside of system library
functions, and there are calls to deallocation functions in the
application.


*******************************************************************************
*** PLACEMENT SUMMARY
***

"A0":  place at 0x00200000 { ro section .intvec };
"A1":  place at start of [0x0027ffd4-0x0027ffdf] { ro section .flashcca };
"P1":  place in [from 0x00200000 to 0x0027ffd3] { ro };
define block HEAP with size = 4K, alignment = 8 { };
"P2":  place in [from 0x20004000 to 0x20007fff] { rw, block HEAP };
define block CSTACK with size = 2K, alignment = 8 { section .stack };
"A3":  place at end of [0x20004000-0x20007fff] { block CSTACK };
do not initialize { section .stack };
initialize by copy { rw };

  Section            Kind        Address   Size  Object
  -------            ----        -------   ----  ------
"A0":                                     0x100
  .intvec            const    0x00200000  0x100  startup_iar.o [1]
                            - 0x00200100  0x100

"P1":                                     0xc06
  .text              ro code  0x00200100  0x270  gptimer.o [1]
  .text              ro code  0x00200370    0x2  debug.o [1]
  .text              ro code  0x00200372  0x13e  xprintftiny.o [3]
  .text              ro code  0x002004b0   0x36  strlen.o [4]
  .text              ro code  0x002004e8  0x114  gpio.o [1]
  .text              ro code  0x002005fc  0x110  ioc.o [1]
  .text              ro code  0x0020070c   0xb4  leds_example.o [1]
  .text              ro code  0x002007c0   0x28  led.o [1]
  .text              ro code  0x002007e8   0x98  sys_ctrl.o [1]
  .text              ro code  0x00200880   0x28  printf.o [3]
  .rodata            const    0x002008a8   0x6c  gptimer.o [1]
  .rodata            const    0x00200914   0x6c  sys_ctrl.o [1]
  .rodata            const    0x00200980   0x68  gpio.o [1]
  .rodata            const    0x002009e8   0x68  ioc.o [1]
  .text              ro code  0x00200a50   0x68  iarttio.o [5]
  .text              ro code  0x00200ab8    0x8  XShttio.o [3]
  .text              ro code  0x00200ac0   0x3e  startup_iar.o [1]
  .text              ro code  0x00200afe    0xc  cstartup_M.o [4]
  .text              ro code  0x00200b0c   0x1a  cmain.o [4]
  .text              ro code  0x00200b26    0x4  low_level_init.o [3]
  .text              ro code  0x00200b2c   0x28  data_init.o [4]
  .text              ro code  0x00200b54    0x4  exit.o [3]
  .text              ro code  0x00200b58    0xa  cexit.o [4]
  .text              ro code  0x00200b64   0x14  exit.o [5]
  .text              ro code  0x00200b78   0x38  packbits_init_single.o [4]
  .text              ro code  0x00200bb0   0x22  iarwrite.o [5]
  .iar.init_table    const    0x00200bd4   0x10  - Linker created -
  .rodata            const    0x00200be4   0x20  ioc.o [1]
  .rodata            const    0x00200c04   0x20  ioc.o [1]
  .rodata            const    0x00200c24   0x20  ioc.o [1]
  .rodata            const    0x00200c44   0x20  ioc.o [1]
  .text              ro code  0x00200c64   0x20  putchar.o [3]
  .text              ro code  0x00200c84   0x10  write.o [5]
  .text              ro code  0x00200c94   0x1e  dwrite.o [5]
  .text              ro code  0x00200cb2   0x20  iarwstd.o [5]
  .rodata            const    0x00200cd4   0x18  sys_ctrl.o [1]
  .text              ro code  0x00200cec   0x16  xprout.o [3]
  .rodata            const    0x00200d02    0x0  packbits_init_single.o [4]
  Initializer bytes  const    0x00200d02    0x4  <for P2-1>
                            - 0x00200d06  0xc06

"A1":                                       0xc
  .flashcca          const    0x0027ffd4    0xc  startup_iar.o [1]
                            - 0x0027ffe0    0xc

"P2":                                      0x10
  P2-1                        0x20004000   0x10  <Init block>
    .data            inited   0x20004000    0x8  XShttio.o [3]
    .bss             inited   0x20004008    0x4  leds_example.o [1]
    .bss             inited   0x2000400c    0x4  leds_example.o [1]
                            - 0x20004010   0x10

"A3":                                     0x800
  CSTACK                      0x20007800  0x800  <Block>
    .stack           uninit   0x20007800    0x4  startup_iar.o [1]
    CSTACK           uninit   0x20007804  0x7fc  <Block tail>
                            - 0x20008000  0x800


*******************************************************************************
*** INIT TABLE
***

          Address     Size
          -------     ----
Copy/packbits (__iar_packbits_init_single3)
    1 source range, total size 0x4 (25% of destination):
          0x00200d02   0x4
    1 destination range, total size 0x10:
          0x20004000  0x10



*******************************************************************************
*** MODULE SUMMARY
***

    Module                  ro code  ro data  rw data
    ------                  -------  -------  -------
C:\Users\kilberg\Documents\Mimsy2\iar\cc2538_foundation_firmware_1_0_1_0\bsp\srf06bb_cc2538\examples\leds\projects\iar\Debug\Obj: [1]
    debug.o                       2
    gpio.o                      276      104
    gptimer.o                   624      108
    ioc.o                       272      232
    led.o                        40
    leds_example.o              180        2        8
    startup_iar.o                62      268        4
    sys_ctrl.o                  152      132
    -------------------------------------------------
    Total:                    1 608      846       12

command line: [2]
    -------------------------------------------------
    Total:

dl7M_tln.a: [3]
    XShttio.o                     8        2        8
    exit.o                        4
    low_level_init.o              4
    printf.o                     40
    putchar.o                    32
    xprintftiny.o               318
    xprout.o                     22
    -------------------------------------------------
    Total:                      428        2        8

rt7M_tl.a: [4]
    cexit.o                      10
    cmain.o                      26
    cstartup_M.o                 12
    data_init.o                  40
    packbits_init_single.o       56
    strlen.o                     54
    -------------------------------------------------
    Total:                      198

shb_l.a: [5]
    dwrite.o                     30
    exit.o                       20
    iarttio.o                   104
    iarwrite.o                   34
    iarwstd.o                    32
    write.o                      16
    -------------------------------------------------
    Total:                      236

    Gaps                          8        4
    Linker created                        16    2 044
-----------------------------------------------------
    Grand Total:              2 478      868    2 064


*******************************************************************************
*** ENTRY LIST
***

Entry                      Address   Size  Type      Object
-----                      -------   ----  ----      ------
.iar.init_table$$Base   0x00200bd4          --   Gb  - Linker created -
.iar.init_table$$Limit  0x00200be4          --   Gb  - Linker created -
?main                   0x00200b0d         Code  Gb  cmain.o [4]
CSTACK$$Base            0x20007800          --   Gb  - Linker created -
CSTACK$$Limit           0x20008000          --   Gb  - Linker created -
FaultISR                0x00200afb    0x2  Code  Lc  startup_iar.o [1]
GPIOBaseValid           0x002004e9   0x2a  Code  Lc  gpio.o [1]
GPIODirModeSet          0x00200513   0x76  Code  Gb  gpio.o [1]
GPIOPinTypeGPIOOutput   0x002005b3   0x36  Code  Gb  gpio.o [1]
GPIOPinWrite            0x00200589   0x2a  Code  Gb  gpio.o [1]
IOCPadConfigSet         0x002005fd   0xe2  Code  Gb  ioc.o [1]
IntDefaultHandler       0x00200afd    0x2  Code  Lc  startup_iar.o [1]
NmiISR                  0x00200af9    0x2  Code  Lc  startup_iar.o [1]
Region$$Table$$Base     0x00200bd4          --   Gb  - Linker created -
Region$$Table$$Limit    0x00200be4          --   Gb  - Linker created -
ResetISR                0x00200ac1   0x28  Code  Lc  startup_iar.o [1]
STACK_TOP {Abs}         0x20008000         Data  Gb  command line/config [2]
SysCtrlPeripheralEnable
                        0x00200839   0x3e  Code  Gb  sys_ctrl.o [1]
SysCtrlPeripheralValid  0x002007e9   0x50  Code  Lc  sys_ctrl.o [1]
TimerBaseValid          0x00200101   0x2a  Code  Lc  gptimer.o [1]
TimerConfigure          0x00200175  0x116  Code  Gb  gptimer.o [1]
TimerEnable             0x0020012b   0x4a  Code  Gb  gptimer.o [1]
TimerLoadGet            0x002002db   0x3e  Code  Gb  gptimer.o [1]
TimerLoadSet            0x0020028b   0x50  Code  Gb  gptimer.o [1]
TimerValueGet           0x00200319   0x3e  Code  Gb  gptimer.o [1]
_PrintfTiny             0x0020038b  0x126  Code  Gb  xprintftiny.o [3]
_Prout                  0x00200ced   0x16  Code  Gb  xprout.o [3]
__cca                   0x0027ffd4    0xc  Data  Gb  startup_iar.o [1]
__cmain                 0x00200b0d         Code  Gb  cmain.o [4]
__dwrite                0x00200c95   0x1e  Code  Gb  dwrite.o [5]
__error__               0x00200371    0x2  Code  Gb  debug.o [1]
__exit                  0x00200b65   0x14  Code  Gb  exit.o [5]
__iar_close_ttio        0x00200a51   0x2c  Code  Gb  iarttio.o [5]
__iar_data_init3        0x00200b2d   0x28  Code  Gb  data_init.o [4]
__iar_get_ttio          0x00200a7d   0x38  Code  Gb  iarttio.o [5]
__iar_lookup_ttioh      0x00200ab9    0x8  Code  Gb  XShttio.o [3]
__iar_packbits_init_single3
                        0x00200b79   0x38  Code  Gb  packbits_init_single.o [4]
__iar_program_start     0x00200aff         Code  Gb  cstartup_M.o [4]
__iar_sh_stdout         0x00200cb3   0x20  Code  Gb  iarwstd.o [5]
__iar_sh_write          0x00200bb1   0x22  Code  Gb  iarwrite.o [5]
__iar_systems$$module {Abs}
                        0x00000001         Data  Gb  command line/config [2]
__iar_ttio_handles      0x20004000    0x8  Data  Lc  XShttio.o [3]
__low_level_init        0x00200b27    0x4  Code  Gb  low_level_init.o [3]
__vector_table          0x00200000  0x100  Data  Gb  startup_iar.o [1]
__write                 0x00200c85   0x10  Code  Gb  write.o [5]
_call_main              0x00200b19         Code  Gb  cmain.o [4]
_exit                   0x00200b59         Code  Gb  cexit.o [4]
_main                   0x00200b23         Code  Gb  cmain.o [4]
dummy_stack             0x20007800    0x4  Data  Lc  startup_iar.o [1]
exit                    0x00200b55    0x4  Code  Gb  exit.o [3]
g_pui32IOCPortAOverrideReg
                        0x00200be4   0x20  Data  Lc  ioc.o [1]
g_pui32IOCPortBOverrideReg
                        0x00200c04   0x20  Data  Lc  ioc.o [1]
g_pui32IOCPortCOverrideReg
                        0x00200c24   0x20  Data  Lc  ioc.o [1]
g_pui32IOCPortDOverrideReg
                        0x00200c44   0x20  Data  Lc  ioc.o [1]
g_pui32RCGCRegs         0x00200cd4   0x18  Data  Lc  sys_ctrl.o [1]
load                    0x2000400c    0x4  Data  Gb  leds_example.o [1]
main                    0x0020070d   0xb4  Code  Gb  leds_example.o [1]
mimsyLedClear           0x002007d3   0x10  Code  Gb  led.o [1]
mimsyLedSet             0x002007c1   0x12  Code  Gb  led.o [1]
out                     0x00200373   0x18  Code  Lc  xprintftiny.o [3]
printf                  0x00200881   0x28  Code  Gb  printf.o [3]
putchar                 0x00200c65   0x20  Code  Gb  putchar.o [3]
strlen                  0x002004b1         Code  Gb  strlen.o [4]
timer                   0x20004008    0x4  Data  Gb  leds_example.o [1]


[1] = C:\Users\kilberg\Documents\Mimsy2\iar\cc2538_foundation_firmware_1_0_1_0\bsp\srf06bb_cc2538\examples\leds\projects\iar\Debug\Obj
[2] = command line
[3] = dl7M_tln.a
[4] = rt7M_tl.a
[5] = shb_l.a

  2 478 bytes of readonly  code memory
    868 bytes of readonly  data memory
  2 064 bytes of readwrite data memory

Errors: none
Warnings: none
