###############################################################################
#
# IAR ELF Linker V8.11.3.13950/W32 for ARM                25/Oct/2017  19:11:56
# Copyright 2007-2017 IAR Systems AB.
#
#    Output file  =  
#        C:\Users\kilberg\Documents\Mimsy2\iar\Mimsy2-Apps\Projects\Debug\Exe\Mimsy2_dev.out
#    Map file     =  
#        C:\Users\kilberg\Documents\Mimsy2\iar\Mimsy2-Apps\Projects\Debug\List\Mimsy2_dev.map
#    Command line =  
#        -f C:\Users\kilberg\AppData\Local\Temp\EW7360.tmp
#        (C:\Users\kilberg\Documents\Mimsy2\iar\Mimsy2-Apps\Projects\Debug\Obj\accel_mimsy.o
#        C:\Users\kilberg\Documents\Mimsy2\iar\Mimsy2-Apps\Projects\Debug\Obj\adc.o
#        C:\Users\kilberg\Documents\Mimsy2\iar\Mimsy2-Apps\Projects\Debug\Obj\aes.o
#        C:\Users\kilberg\Documents\Mimsy2\iar\Mimsy2-Apps\Projects\Debug\Obj\app_usb_descriptor.o
#        C:\Users\kilberg\Documents\Mimsy2\iar\Mimsy2-Apps\Projects\Debug\Obj\ccm.o
#        C:\Users\kilberg\Documents\Mimsy2\iar\Mimsy2-Apps\Projects\Debug\Obj\cpu.o
#        C:\Users\kilberg\Documents\Mimsy2\iar\Mimsy2-Apps\Projects\Debug\Obj\debug.o
#        C:\Users\kilberg\Documents\Mimsy2\iar\Mimsy2-Apps\Projects\Debug\Obj\flash.o
#        C:\Users\kilberg\Documents\Mimsy2\iar\Mimsy2-Apps\Projects\Debug\Obj\flash_mimsy.o
#        C:\Users\kilberg\Documents\Mimsy2\iar\Mimsy2-Apps\Projects\Debug\Obj\gpio.o
#        C:\Users\kilberg\Documents\Mimsy2\iar\Mimsy2-Apps\Projects\Debug\Obj\gptimer.o
#        C:\Users\kilberg\Documents\Mimsy2\iar\Mimsy2-Apps\Projects\Debug\Obj\i2c.o
#        C:\Users\kilberg\Documents\Mimsy2\iar\Mimsy2-Apps\Projects\Debug\Obj\i2c_mimsy.o
#        C:\Users\kilberg\Documents\Mimsy2\iar\Mimsy2-Apps\Projects\Debug\Obj\inchworm.o
#        C:\Users\kilberg\Documents\Mimsy2\iar\Mimsy2-Apps\Projects\Debug\Obj\interrupt.o
#        C:\Users\kilberg\Documents\Mimsy2\iar\Mimsy2-Apps\Projects\Debug\Obj\ioc.o
#        C:\Users\kilberg\Documents\Mimsy2\iar\Mimsy2-Apps\Projects\Debug\Obj\led.o
#        C:\Users\kilberg\Documents\Mimsy2\iar\Mimsy2-Apps\Projects\Debug\Obj\leds_example.o
#        C:\Users\kilberg\Documents\Mimsy2\iar\Mimsy2-Apps\Projects\Debug\Obj\pka.o
#        C:\Users\kilberg\Documents\Mimsy2\iar\Mimsy2-Apps\Projects\Debug\Obj\sha256.o
#        C:\Users\kilberg\Documents\Mimsy2\iar\Mimsy2-Apps\Projects\Debug\Obj\sleepmode.o
#        C:\Users\kilberg\Documents\Mimsy2\iar\Mimsy2-Apps\Projects\Debug\Obj\ssi.o
#        C:\Users\kilberg\Documents\Mimsy2\iar\Mimsy2-Apps\Projects\Debug\Obj\startup_iar.o
#        C:\Users\kilberg\Documents\Mimsy2\iar\Mimsy2-Apps\Projects\Debug\Obj\sys_ctrl.o
#        C:\Users\kilberg\Documents\Mimsy2\iar\Mimsy2-Apps\Projects\Debug\Obj\systick.o
#        C:\Users\kilberg\Documents\Mimsy2\iar\Mimsy2-Apps\Projects\Debug\Obj\uart.o
#        C:\Users\kilberg\Documents\Mimsy2\iar\Mimsy2-Apps\Projects\Debug\Obj\uartstdio.o
#        C:\Users\kilberg\Documents\Mimsy2\iar\Mimsy2-Apps\Projects\Debug\Obj\udma.o
#        C:\Users\kilberg\Documents\Mimsy2\iar\Mimsy2-Apps\Projects\Debug\Obj\usb.o
#        C:\Users\kilberg\Documents\Mimsy2\iar\Mimsy2-Apps\Projects\Debug\Obj\usb_cdc.o
#        C:\Users\kilberg\Documents\Mimsy2\iar\Mimsy2-Apps\Projects\Debug\Obj\usb_cdc_hooks.o
#        C:\Users\kilberg\Documents\Mimsy2\iar\Mimsy2-Apps\Projects\Debug\Obj\usb_descriptor_parser.o
#        C:\Users\kilberg\Documents\Mimsy2\iar\Mimsy2-Apps\Projects\Debug\Obj\usb_framework.o
#        C:\Users\kilberg\Documents\Mimsy2\iar\Mimsy2-Apps\Projects\Debug\Obj\usb_in_buffer.o
#        C:\Users\kilberg\Documents\Mimsy2\iar\Mimsy2-Apps\Projects\Debug\Obj\usb_interrupt.o
#        C:\Users\kilberg\Documents\Mimsy2\iar\Mimsy2-Apps\Projects\Debug\Obj\usb_out_buffer.o
#        C:\Users\kilberg\Documents\Mimsy2\iar\Mimsy2-Apps\Projects\Debug\Obj\usb_standard_requests.o
#        C:\Users\kilberg\Documents\Mimsy2\iar\Mimsy2-Apps\Projects\Debug\Obj\usb_suspend.o
#        C:\Users\kilberg\Documents\Mimsy2\iar\Mimsy2-Apps\Projects\Debug\Obj\watchdog.o
#        -o
#        C:\Users\kilberg\Documents\Mimsy2\iar\Mimsy2-Apps\Projects\Debug\Exe\Mimsy2_dev.out
#        --map
#        C:\Users\kilberg\Documents\Mimsy2\iar\Mimsy2-Apps\Projects\Debug\List\Mimsy2_dev.map
#        --config "C:\Program Files (x86)\IAR Systems\Embedded Workbench
#        8.0\arm\config\linker\TexasInstruments\cx2538xf53.icf" --semihosting
#        --entry __iar_program_start --vfe --text_out locale)
#
###############################################################################

*******************************************************************************
*** RUNTIME MODEL ATTRIBUTES
***

CppFlavor       = *
__SystemLibrary = DLib
__dlib_version  = 6


*******************************************************************************
*** HEAP SELECTION
***

The basic heap was selected because no calls to memory allocation
functions were found in the application outside of system library
functions, and there are calls to deallocation functions in the
application.


*******************************************************************************
*** PLACEMENT SUMMARY
***

"A0":  place at 0x00200000 { ro section .intvec };
"A1":  place at start of [0x0027ffd4-0x0027ffdf] { ro section .flashcca };
"P1":  place in [from 0x00200000 to 0x0027ffd3] { ro };
"A2":  place at start of [0x20004000-0x20007fff] { section VTABLE };
define block HEAP with size = 4K, alignment = 8 { };
"P2":  place in [from 0x20004000 to 0x20007fff] { rw, block HEAP };
define block CSTACK with size = 2K, alignment = 8 { section .stack };
"A3":  place at end of [0x20004000-0x20007fff] { block CSTACK };
do not initialize { section .stack };
initialize by copy { rw };

  Section            Kind        Address    Size  Object
  -------            ----        -------    ----  ------
"A0":                                      0x28c
  .intvec            const    0x00200000   0x28c  startup_iar.o [1]
                            - 0x0020028c   0x28c

"P1":                                     0x1c68
  .text              ro code  0x0020028c   0x5c4  leds_example.o [1]
  .text              ro code  0x00200850   0x134  gptimer.o [1]
  .text              ro code  0x00200984    0x4c  led.o [1]
  .text              ro code  0x002009d0    0xde  gpio.o [1]
  .rodata            const    0x00200aae     0x2  leds_example.o [1]
  .text              ro code  0x00200ab0   0x230  sys_ctrl.o [1]
  .text              ro code  0x00200ce0    0xd8  interrupt.o [1]
  .text              ro code  0x00200db8    0x56  ABImemcpy_unaligned.o [4]
  .rodata            const    0x00200e0e     0x2  leds_example.o [1]
  .text              ro code  0x00200e10   0x374  inchworm.o [1]
  .text              ro code  0x00201184   0x1fa  i2c_mimsy.o [1]
  .text              ro code  0x00201380    0xe0  uart.o [1]
  .text              ro code  0x00201460   0x248  ioc.o [1]
  .text              ro code  0x002016a8   0x27e  uartstdio.o [1]
  .text              ro code  0x00201928   0x118  accel_mimsy.o [1]
  .text              ro code  0x00201a40    0x50  flash_mimsy.o [1]
  .text              ro code  0x00201a90    0x10  cpu.o [1]
  .text              ro code  0x00201aa0    0x8c  i2c.o [1]
  .text              ro code  0x00201b2c     0x4  flash.o [1]
  .text              ro code  0x00201b30    0x40  zero_init3.o [4]
  .rodata            const    0x00201b70    0x2c  leds_example.o [1]
  .text              ro code  0x00201b9c    0x2c  copy_init3.o [4]
  .rodata            const    0x00201bc8    0x28  leds_example.o [1]
  .text              ro code  0x00201bf0    0x28  data_init.o [4]
  .iar.init_table    const    0x00201c18    0x24  - Linker created -
  .rodata            const    0x00201c3c    0x20  ioc.o [1]
  .rodata            const    0x00201c5c    0x20  ioc.o [1]
  .rodata            const    0x00201c7c    0x20  ioc.o [1]
  .rodata            const    0x00201c9c    0x20  ioc.o [1]
  .rodata            const    0x00201cbc    0x20  ioc.o [1]
  .rodata            const    0x00201cdc    0x20  ioc.o [1]
  .rodata            const    0x00201cfc    0x20  ioc.o [1]
  .rodata            const    0x00201d1c    0x20  ioc.o [1]
  .rodata            const    0x00201d3c    0x1c  leds_example.o [1]
  .text              ro code  0x00201d58    0x1a  cmain.o [4]
  .text              ro code  0x00201d72     0x4  low_level_init.o [3]
  .text              ro code  0x00201d76     0x4  exit.o [3]
  .text              ro code  0x00201d7c     0xa  cexit.o [4]
  .text              ro code  0x00201d88    0x14  exit.o [5]
  .rodata            const    0x00201d9c    0x18  leds_example.o [1]
  .rodata            const    0x00201db4    0x18  leds_example.o [1]
  .rodata            const    0x00201dcc    0x18  sys_ctrl.o [1]
  .rodata            const    0x00201de4    0x18  sys_ctrl.o [1]
  .rodata            const    0x00201dfc    0x18  sys_ctrl.o [1]
  .rodata            const    0x00201e14    0x18  sys_ctrl.o [1]
  .rodata            const    0x00201e2c    0x14  interrupt.o [1]
  .rodata            const    0x00201e40    0x14  leds_example.o [1]
  .rodata            const    0x00201e54    0x14  sys_ctrl.o [1]
  .rodata            const    0x00201e68    0x14  uartstdio.o [1]
  .rodata            const    0x00201e7c    0x10  leds_example.o [1]
  .text              ro code  0x00201e8c     0xe  startup_iar.o [1]
  .text              ro code  0x00201e9a     0xc  cstartup_M.o [4]
  .rodata            const    0x00201ea8     0xc  leds_example.o [1]
  .rodata            const    0x00201eb4     0xc  leds_example.o [1]
  .rodata            const    0x00201ec0     0xc  leds_example.o [1]
  .rodata            const    0x00201ecc     0x8  leds_example.o [1]
  .rodata            const    0x00201ed4     0x8  uartstdio.o [1]
  .rodata            const    0x00201edc     0x8  uartstdio.o [1]
  .rodata            const    0x00201ee4     0x8  uartstdio.o [1]
  .rodata            const    0x00201eec     0x4  uartstdio.o [1]
  Initializer bytes  const    0x00201ef0     0x4  <for P2-1>
  .rodata            const    0x00201ef4     0x0  zero_init3.o [4]
  .rodata            const    0x00201ef4     0x0  copy_init3.o [4]
                            - 0x00201ef4  0x1c68

"A1":                                        0xc
  .flashcca          const    0x0027ffd4     0xc  startup_iar.o [1]
                            - 0x0027ffe0     0xc

"A2":                                      0x28c
  VTABLE             uninit   0x20004000   0x28c  interrupt.o [1]
                            - 0x2000428c   0x28c

"P2", part 1 of 2:                           0x4
  P2-1                        0x2000428c     0x4  <Init block>
    .data            inited   0x2000428c     0x4  leds_example.o [1]
                            - 0x20004290     0x4

"P2", part 2 of 2:                         0xe58
  .bss               zero     0x20004290   0x800  leds_example.o [1]
  .bss               zero     0x20004a90   0x4b0  leds_example.o [1]
  .bss               zero     0x20004f40    0xc0  inchworm.o [1]
  .bss               zero     0x20005000    0x40  inchworm.o [1]
  .bss               zero     0x20005040    0x40  inchworm.o [1]
  .bss               zero     0x20005080    0x10  inchworm.o [1]
  .bss               zero     0x20005090    0x10  leds_example.o [1]
  .bss               zero     0x200050a0    0x10  leds_example.o [1]
  .bss               zero     0x200050b0     0xc  leds_example.o [1]
  .bss               zero     0x200050bc     0x4  inchworm.o [1]
  .bss               zero     0x200050c0     0x4  inchworm.o [1]
  .bss               zero     0x200050c4     0x4  inchworm.o [1]
  .bss               zero     0x200050c8     0x4  inchworm.o [1]
  .bss               zero     0x200050cc     0x4  leds_example.o [1]
  .bss               zero     0x200050d0     0x4  leds_example.o [1]
  .bss               zero     0x200050d4     0x4  leds_example.o [1]
  .bss               zero     0x200050d8     0x4  leds_example.o [1]
  .bss               zero     0x200050dc     0x4  leds_example.o [1]
  .bss               zero     0x200050e0     0x4  uartstdio.o [1]
  .bss               zero     0x200050e4     0x1  leds_example.o [1]
                            - 0x200050e5   0xe55

"A3":                                      0x800
  CSTACK                      0x20007800   0x800  <Block>
    .stack           uninit   0x20007800     0x4  startup_iar.o [1]
    CSTACK           uninit   0x20007804   0x7fc  <Block tail>
                            - 0x20008000   0x800


*******************************************************************************
*** INIT TABLE
***

          Address     Size
          -------     ----
Zero (__iar_zero_init3)
    1 destination range, total size 0xe55:
          0x20004290  0xe55

Copy (__iar_copy_init3)
    1 source range, total size 0x4:
          0x00201ef0    0x4
    1 destination range, total size 0x4:
          0x2000428c    0x4



*******************************************************************************
*** MODULE SUMMARY
***

    Module                 ro code  ro data  rw data
    ------                 -------  -------  -------
C:\Users\kilberg\Documents\Mimsy2\iar\Mimsy2-Apps\Projects\Debug\Obj: [1]
    accel_mimsy.o              280
    cpu.o                       16
    flash.o                      4
    flash_mimsy.o               80
    gpio.o                     222
    gptimer.o                  308
    i2c.o                      140
    i2c_mimsy.o                506
    inchworm.o                 884               352
    interrupt.o                216       20      652
    ioc.o                      584      256
    led.o                       76
    leds_example.o           1 476      248    3 317
    startup_iar.o               14      664        4
    sys_ctrl.o                 560      116
    uart.o                     224
    uartstdio.o                638       48        4
    ------------------------------------------------
    Total:                   6 228    1 352    4 329

command line: [2]
    ------------------------------------------------
    Total:

dl7M_tln.a: [3]
    exit.o                       4
    low_level_init.o             4
    ------------------------------------------------
    Total:                       8

rt7M_tl.a: [4]
    ABImemcpy_unaligned.o       86
    cexit.o                     10
    cmain.o                     26
    copy_init3.o                44
    cstartup_M.o                12
    data_init.o                 40
    zero_init3.o                64
    ------------------------------------------------
    Total:                     282

shb_l.a: [5]
    exit.o                      20
    ------------------------------------------------
    Total:                      20

    Gaps                         8        2
    Linker created                       36    2 044
----------------------------------------------------
    Grand Total:             6 546    1 390    6 373


*******************************************************************************
*** ENTRY LIST
***

Entry                      Address   Size  Type      Object
-----                      -------   ----  ----      ------
.iar.init_table$$Base   0x00201c18          --   Gb  - Linker created -
.iar.init_table$$Limit  0x00201c3c          --   Gb  - Linker created -
?main                   0x00201d59         Code  Gb  cmain.o [4]
CPUcpsid                0x00201a91    0x8  Code  Gb  cpu.o [1]
CPUcpsie                0x00201a99    0x8  Code  Gb  cpu.o [1]
CSTACK$$Base            0x20007800          --   Gb  - Linker created -
CSTACK$$Limit           0x20008000          --   Gb  - Linker created -
FaultISR                0x00201e97    0x2  Code  Lc  startup_iar.o [1]
FlashGet                0x00201b2d    0x4  Code  Gb  flash.o [1]
GPIODirModeSet          0x002009d1   0x48  Code  Gb  gpio.o [1]
GPIOPinRead             0x00200a19    0xa  Code  Gb  gpio.o [1]
GPIOPinTypeGPIOOutput   0x00200a2f   0x20  Code  Gb  gpio.o [1]
GPIOPinTypeI2C          0x00200a4f   0x20  Code  Gb  gpio.o [1]
GPIOPinTypeUARTInput    0x00200a6f   0x20  Code  Gb  gpio.o [1]
GPIOPinTypeUARTOutput   0x00200a8f   0x20  Code  Gb  gpio.o [1]
GPIOPinWrite            0x00200a23    0xc  Code  Gb  gpio.o [1]
I2CMasterBusy           0x00201aeb   0x10  Code  Gb  i2c.o [1]
I2CMasterControl        0x00201afb    0x6  Code  Gb  i2c.o [1]
I2CMasterDataGet        0x00201b09    0x6  Code  Gb  i2c.o [1]
I2CMasterDataPut        0x00201b01    0x8  Code  Gb  i2c.o [1]
I2CMasterEnable         0x00201acf    0xe  Code  Gb  i2c.o [1]
I2CMasterInitExpClk     0x00201aa1   0x2e  Code  Gb  i2c.o [1]
I2CMasterSlaveAddrSet   0x00201add    0xe  Code  Gb  i2c.o [1]
IOCPadConfigSet         0x0020160d   0x62  Code  Gb  ioc.o [1]
IOCPinConfigPeriphInput
                        0x002014d7  0x136  Code  Gb  ioc.o [1]
IOCPinConfigPeriphOutput
                        0x00201461   0x76  Code  Gb  ioc.o [1]
IntDefaultHandler       0x00201e99    0x2  Code  Lc  startup_iar.o [1]
IntEnable               0x00200d3f   0x66  Code  Gb  interrupt.o [1]
IntMasterDisable        0x00200cf5   0x14  Code  Gb  interrupt.o [1]
IntMasterEnable         0x00200ce1   0x14  Code  Gb  interrupt.o [1]
IntRegister             0x00200d09   0x36  Code  Gb  interrupt.o [1]
NmiISR                  0x00201e95    0x2  Code  Lc  startup_iar.o [1]
PwmTimerAIntHandler     0x00200e11   0x8c  Code  Gb  inchworm.o [1]
PwmTimerBIntHandler     0x00200e9d   0x16  Code  Gb  inchworm.o [1]
Region$$Table$$Base     0x00201c18          --   Gb  - Linker created -
Region$$Table$$Limit    0x00201c3c          --   Gb  - Linker created -
ResetISR                0x00201e8d    0x8  Code  Lc  startup_iar.o [1]
STACK_TOP {Abs}         0x20008000         Data  Gb  command line/config [2]
SysCtrlClockGet         0x00200b21   0x48  Code  Gb  sys_ctrl.o [1]
SysCtrlClockSet         0x00200ab1   0x70  Code  Gb  sys_ctrl.o [1]
SysCtrlDelay            0x00200b7d    0x8  Code  Gb  sys_ctrl.o [1]
SysCtrlIOClockSet       0x00200b69   0x12  Code  Gb  sys_ctrl.o [1]
SysCtrlPeripheralDeepSleepDisable
                        0x00200c71   0x28  Code  Gb  sys_ctrl.o [1]
SysCtrlPeripheralEnable
                        0x00200c25   0x26  Code  Gb  sys_ctrl.o [1]
SysCtrlPeripheralPresent
                        0x00200b85   0x40  Code  Gb  sys_ctrl.o [1]
SysCtrlPeripheralReset  0x00200bc5   0x60  Code  Gb  sys_ctrl.o [1]
SysCtrlPeripheralSleepEnable
                        0x00200c4b   0x26  Code  Gb  sys_ctrl.o [1]
Timer1AIntHandler       0x0020028d   0x24  Code  Gb  leds_example.o [1]
Timer1BIntHandler       0x002002b1   0x38  Code  Gb  leds_example.o [1]
TimerConfigure          0x00200865   0x30  Code  Gb  gptimer.o [1]
TimerControlEvent       0x002008bb   0x18  Code  Gb  gptimer.o [1]
TimerControlLevel       0x00200895   0x26  Code  Gb  gptimer.o [1]
TimerEnable             0x00200851   0x14  Code  Gb  gptimer.o [1]
TimerIntClear           0x0020097f    0x6  Code  Gb  gptimer.o [1]
TimerIntEnable          0x00200971    0xe  Code  Gb  gptimer.o [1]
TimerIntRegister        0x0020090f   0x50  Code  Gb  gptimer.o [1]
TimerLoadSet            0x002008d3   0x16  Code  Gb  gptimer.o [1]
TimerMatchSet           0x002008f9   0x16  Code  Gb  gptimer.o [1]
TimerValueGet           0x002008e9   0x10  Code  Gb  gptimer.o [1]
UARTCharPut             0x00201433   0x10  Code  Gb  uart.o [1]
UARTClockSourceSet      0x00201459    0x8  Code  Gb  uart.o [1]
UARTConfigSetExpClk     0x00201381   0x66  Code  Gb  uart.o [1]
UARTDisable             0x00201409   0x2a  Code  Gb  uart.o [1]
UARTEnable              0x002013e7   0x22  Code  Gb  uart.o [1]
UARTIntDisable          0x00201449   0x10  Code  Gb  uart.o [1]
UARTStdioConfig         0x002016a9   0x62  Code  Gb  uartstdio.o [1]
UARTStdioInit           0x0020170b   0x16  Code  Gb  uartstdio.o [1]
UARTprintf              0x00201919    0xe  Code  Gb  uartstdio.o [1]
UARTvprintf             0x0020174f  0x1b0  Code  Gb  uartstdio.o [1]
UARTwrite               0x00201721   0x2e  Code  Gb  uartstdio.o [1]
__cca                   0x0027ffd4    0xc  Data  Gb  startup_iar.o [1]
__cmain                 0x00201d59         Code  Gb  cmain.o [4]
__exit                  0x00201d89   0x14  Code  Gb  exit.o [5]
__iar_copy_init3        0x00201b9d   0x2c  Code  Gb  copy_init3.o [4]
__iar_data_init3        0x00201bf1   0x28  Code  Gb  data_init.o [4]
__iar_program_start     0x00201e9b         Code  Gb  cstartup_M.o [4]
__iar_systems$$module {Abs}
                        0x00000001         Data  Gb  command line/config [2]
__iar_unaligned_memcpy4
                        0x00200db9         Code  Gb  ABImemcpy_unaligned.o [4]
__iar_unaligned_memcpy8
                        0x00200db9         Code  Gb  ABImemcpy_unaligned.o [4]
__iar_zero_init3        0x00201b31   0x40  Code  Gb  zero_init3.o [4]
__low_level_init        0x00201d73    0x4  Code  Gb  low_level_init.o [3]
__vector_table          0x00200000  0x28c  Data  Gb  startup_iar.o [1]
_call_main              0x00201d65         Code  Gb  cmain.o [4]
_exit                   0x00201d7d         Code  Gb  cexit.o [4]
_main                   0x00201d6f         Code  Gb  cmain.o [4]
activeDriveList         0x20005080   0x10  Data  Gb  inchworm.o [1]
board_timer_expired     0x002011af   0x1c  Code  Gb  i2c_mimsy.o [1]
board_timer_get         0x002011a1    0xe  Code  Gb  i2c_mimsy.o [1]
board_timer_init        0x00201185   0x1c  Code  Gb  i2c_mimsy.o [1]
bufferCount             0x200050d8    0x4  Data  Gb  leds_example.o [1]
cards                   0x20004a90  0x4b0  Data  Gb  leds_example.o [1]
currentflashpage        0x2000428c    0x4  Data  Gb  leds_example.o [1]
data                    0x20004290  0x800  Data  Gb  leds_example.o [1]
debug                   0x200050d0    0x4  Data  Gb  leds_example.o [1]
debug4                  0x20005090   0x10  Data  Gb  leds_example.o [1]
dummy_stack             0x20007800    0x4  Data  Lc  startup_iar.o [1]
exit                    0x00201d77    0x4  Code  Gb  exit.o [3]
flashReadIMU            0x00201a41   0x50  Code  Gb  flash_mimsy.o [1]
g_pcHex                 0x00201eec    0x4  Data  Lc  uartstdio.o [1]
g_pfnRAMVectors         0x20004000  0x28c  Data  Lc  interrupt.o [1]
g_pui32DCGCRegs         0x00201dfc   0x18  Data  Lc  sys_ctrl.o [1]
g_pui32DieCfgMask       0x00201e14   0x18  Data  Lc  sys_ctrl.o [1]
g_pui32EnRegs           0x00201e2c   0x14  Data  Lc  interrupt.o [1]
g_pui32IOCPortAOverrideReg
                        0x00201c3c   0x20  Data  Lc  ioc.o [1]
g_pui32IOCPortASignSelectReg
                        0x00201cbc   0x20  Data  Lc  ioc.o [1]
g_pui32IOCPortBOverrideReg
                        0x00201c5c   0x20  Data  Lc  ioc.o [1]
g_pui32IOCPortBSignSelectReg
                        0x00201cdc   0x20  Data  Lc  ioc.o [1]
g_pui32IOCPortCOverrideReg
                        0x00201c7c   0x20  Data  Lc  ioc.o [1]
g_pui32IOCPortCSignSelectReg
                        0x00201cfc   0x20  Data  Lc  ioc.o [1]
g_pui32IOCPortDOverrideReg
                        0x00201c9c   0x20  Data  Lc  ioc.o [1]
g_pui32IOCPortDSignSelectReg
                        0x00201d1c   0x20  Data  Lc  ioc.o [1]
g_pui32RCGCRegs         0x00201dcc   0x18  Data  Lc  sys_ctrl.o [1]
g_pui32SCGCRegs         0x00201de4   0x18  Data  Lc  sys_ctrl.o [1]
g_pui32SRRegs           0x00201e54   0x14  Data  Lc  sys_ctrl.o [1]
g_ui32Base              0x200050e0    0x4  Data  Lc  uartstdio.o [1]
g_ui32UARTBase          0x00201edc    0x8  Data  Lc  uartstdio.o [1]
g_ui32UARTPeriph        0x00201ee4    0x8  Data  Lc  uartstdio.o [1]
gpio_state              0x200050cc    0x4  Data  Gb  leds_example.o [1]
i2c_init                0x002011cb   0x82  Code  Gb  i2c_mimsy.o [1]
i2c_read_byte           0x0020124d   0x3a  Code  Gb  i2c_mimsy.o [1]
i2c_read_register       0x0020134d   0x1c  Code  Gb  i2c_mimsy.o [1]
i2c_write_byte          0x00201287   0x3c  Code  Gb  i2c_mimsy.o [1]
i2c_write_bytes         0x002012c3   0x76  Code  Gb  i2c_mimsy.o [1]
i2c_write_register_8bit
                        0x00201369   0x16  Code  Gb  i2c_mimsy.o [1]
imu                     0x200050a0   0x10  Data  Gb  leds_example.o [1]
inchwormHold            0x00201117   0x30  Code  Gb  inchworm.o [1]
inchwormInit            0x00200eb3  0x264  Code  Gb  inchworm.o [1]
inchwormTimer           0x200050bc    0x4  Data  Gb  inchworm.o [1]
main                    0x002002e9  0x4f0  Code  Gb  leds_example.o [1]
mimsyIMURead6Dof        0x00201929  0x118  Code  Gb  accel_mimsy.o [1]
mimsyLedClear           0x00200997   0x10  Code  Gb  led.o [1]
mimsyLedSet             0x00200985   0x12  Code  Gb  led.o [1]
mimsyLedToggle          0x002009a7   0x24  Code  Gb  led.o [1]
motorList               0x20004f40   0xc0  Data  Gb  inchworm.o [1]
motorsNum               0x200050c8    0x4  Data  Gb  inchworm.o [1]
pagesWritten            0x200050dc    0x4  Data  Gb  leds_example.o [1]
readbyte                0x200050e4    0x1  Data  Gb  leds_example.o [1]
refCard                 0x200050b0    0xc  Data  Gb  leds_example.o [1]
refptr                  0x200050d4    0x4  Data  Gb  leds_example.o [1]
stepCountList           0x20005000   0x40  Data  Gb  inchworm.o [1]
stepTargetList          0x20005040   0x40  Data  Gb  inchworm.o [1]
timerIntA               0x200050c0    0x4  Data  Gb  inchworm.o [1]
timerIntB               0x200050c4    0x4  Data  Gb  inchworm.o [1]


[1] = C:\Users\kilberg\Documents\Mimsy2\iar\Mimsy2-Apps\Projects\Debug\Obj
[2] = command line
[3] = dl7M_tln.a
[4] = rt7M_tl.a
[5] = shb_l.a

  6 546 bytes of readonly  code memory
  1 390 bytes of readonly  data memory
  6 373 bytes of readwrite data memory

Errors: none
Warnings: none
