###############################################################################
#
# IAR ELF Linker V8.11.3.13950/W32 for ARM                01/Nov/2017  14:28:58
# Copyright 2007-2017 IAR Systems AB.
#
#    Output file  =  
#        C:\Users\kilberg\Documents\Mimsy2\iar\Mimsy2-Apps\Projects\Debug\Exe\Mimsy2_dev.out
#    Map file     =  
#        C:\Users\kilberg\Documents\Mimsy2\iar\Mimsy2-Apps\Projects\Debug\List\Mimsy2_dev.map
#    Command line =  
#        -f C:\Users\kilberg\AppData\Local\Temp\EW4ED4.tmp
#        (C:\Users\kilberg\Documents\Mimsy2\iar\Mimsy2-Apps\Projects\Debug\Obj\accel_mimsy.o
#        C:\Users\kilberg\Documents\Mimsy2\iar\Mimsy2-Apps\Projects\Debug\Obj\adc.o
#        C:\Users\kilberg\Documents\Mimsy2\iar\Mimsy2-Apps\Projects\Debug\Obj\aes.o
#        C:\Users\kilberg\Documents\Mimsy2\iar\Mimsy2-Apps\Projects\Debug\Obj\app_usb_descriptor.o
#        C:\Users\kilberg\Documents\Mimsy2\iar\Mimsy2-Apps\Projects\Debug\Obj\ccm.o
#        C:\Users\kilberg\Documents\Mimsy2\iar\Mimsy2-Apps\Projects\Debug\Obj\cpu.o
#        C:\Users\kilberg\Documents\Mimsy2\iar\Mimsy2-Apps\Projects\Debug\Obj\data_builder.o
#        C:\Users\kilberg\Documents\Mimsy2\iar\Mimsy2-Apps\Projects\Debug\Obj\debug.o
#        C:\Users\kilberg\Documents\Mimsy2\iar\Mimsy2-Apps\Projects\Debug\Obj\flash.o
#        C:\Users\kilberg\Documents\Mimsy2\iar\Mimsy2-Apps\Projects\Debug\Obj\flash_mimsy.o
#        C:\Users\kilberg\Documents\Mimsy2\iar\Mimsy2-Apps\Projects\Debug\Obj\gpio.o
#        C:\Users\kilberg\Documents\Mimsy2\iar\Mimsy2-Apps\Projects\Debug\Obj\gptimer.o
#        C:\Users\kilberg\Documents\Mimsy2\iar\Mimsy2-Apps\Projects\Debug\Obj\hal_outputs.o
#        C:\Users\kilberg\Documents\Mimsy2\iar\Mimsy2-Apps\Projects\Debug\Obj\i2c.o
#        C:\Users\kilberg\Documents\Mimsy2\iar\Mimsy2-Apps\Projects\Debug\Obj\i2c_mimsy.o
#        C:\Users\kilberg\Documents\Mimsy2\iar\Mimsy2-Apps\Projects\Debug\Obj\inchworm.o
#        C:\Users\kilberg\Documents\Mimsy2\iar\Mimsy2-Apps\Projects\Debug\Obj\interrupt.o
#        C:\Users\kilberg\Documents\Mimsy2\iar\Mimsy2-Apps\Projects\Debug\Obj\inv_mpu.o
#        C:\Users\kilberg\Documents\Mimsy2\iar\Mimsy2-Apps\Projects\Debug\Obj\inv_mpu_dmp_motion_driver.o
#        C:\Users\kilberg\Documents\Mimsy2\iar\Mimsy2-Apps\Projects\Debug\Obj\ioc.o
#        C:\Users\kilberg\Documents\Mimsy2\iar\Mimsy2-Apps\Projects\Debug\Obj\led.o
#        C:\Users\kilberg\Documents\Mimsy2\iar\Mimsy2-Apps\Projects\Debug\Obj\leds_example.o
#        C:\Users\kilberg\Documents\Mimsy2\iar\Mimsy2-BSP-drivers\bsp\mpu9250motionlib\libmpllib.a
#        C:\Users\kilberg\Documents\Mimsy2\iar\Mimsy2-Apps\Projects\Debug\Obj\log_stm32.o
#        C:\Users\kilberg\Documents\Mimsy2\iar\Mimsy2-Apps\Projects\Debug\Obj\message_layer.o
#        C:\Users\kilberg\Documents\Mimsy2\iar\Mimsy2-Apps\Projects\Debug\Obj\ml_math_func.o
#        C:\Users\kilberg\Documents\Mimsy2\iar\Mimsy2-Apps\Projects\Debug\Obj\mlmath.o
#        C:\Users\kilberg\Documents\Mimsy2\iar\Mimsy2-Apps\Projects\Debug\Obj\mpl.o
#        C:\Users\kilberg\Documents\Mimsy2\iar\Mimsy2-Apps\Projects\Debug\Obj\pka.o
#        C:\Users\kilberg\Documents\Mimsy2\iar\Mimsy2-Apps\Projects\Debug\Obj\results_holder.o
#        C:\Users\kilberg\Documents\Mimsy2\iar\Mimsy2-Apps\Projects\Debug\Obj\sha256.o
#        C:\Users\kilberg\Documents\Mimsy2\iar\Mimsy2-Apps\Projects\Debug\Obj\sleepmode.o
#        C:\Users\kilberg\Documents\Mimsy2\iar\Mimsy2-Apps\Projects\Debug\Obj\ssi.o
#        C:\Users\kilberg\Documents\Mimsy2\iar\Mimsy2-Apps\Projects\Debug\Obj\start_manager.o
#        C:\Users\kilberg\Documents\Mimsy2\iar\Mimsy2-Apps\Projects\Debug\Obj\startup_iar.o
#        C:\Users\kilberg\Documents\Mimsy2\iar\Mimsy2-Apps\Projects\Debug\Obj\storage_manager.o
#        C:\Users\kilberg\Documents\Mimsy2\iar\Mimsy2-Apps\Projects\Debug\Obj\sys_ctrl.o
#        C:\Users\kilberg\Documents\Mimsy2\iar\Mimsy2-Apps\Projects\Debug\Obj\systick.o
#        C:\Users\kilberg\Documents\Mimsy2\iar\Mimsy2-Apps\Projects\Debug\Obj\uart.o
#        C:\Users\kilberg\Documents\Mimsy2\iar\Mimsy2-Apps\Projects\Debug\Obj\uart_mimsy.o
#        C:\Users\kilberg\Documents\Mimsy2\iar\Mimsy2-Apps\Projects\Debug\Obj\uartstdio.o
#        C:\Users\kilberg\Documents\Mimsy2\iar\Mimsy2-Apps\Projects\Debug\Obj\udma.o
#        C:\Users\kilberg\Documents\Mimsy2\iar\Mimsy2-Apps\Projects\Debug\Obj\usb.o
#        C:\Users\kilberg\Documents\Mimsy2\iar\Mimsy2-Apps\Projects\Debug\Obj\usb_cdc.o
#        C:\Users\kilberg\Documents\Mimsy2\iar\Mimsy2-Apps\Projects\Debug\Obj\usb_cdc_hooks.o
#        C:\Users\kilberg\Documents\Mimsy2\iar\Mimsy2-Apps\Projects\Debug\Obj\usb_descriptor_parser.o
#        C:\Users\kilberg\Documents\Mimsy2\iar\Mimsy2-Apps\Projects\Debug\Obj\usb_framework.o
#        C:\Users\kilberg\Documents\Mimsy2\iar\Mimsy2-Apps\Projects\Debug\Obj\usb_in_buffer.o
#        C:\Users\kilberg\Documents\Mimsy2\iar\Mimsy2-Apps\Projects\Debug\Obj\usb_interrupt.o
#        C:\Users\kilberg\Documents\Mimsy2\iar\Mimsy2-Apps\Projects\Debug\Obj\usb_out_buffer.o
#        C:\Users\kilberg\Documents\Mimsy2\iar\Mimsy2-Apps\Projects\Debug\Obj\usb_standard_requests.o
#        C:\Users\kilberg\Documents\Mimsy2\iar\Mimsy2-Apps\Projects\Debug\Obj\usb_suspend.o
#        C:\Users\kilberg\Documents\Mimsy2\iar\Mimsy2-Apps\Projects\Debug\Obj\watchdog.o
#        -o
#        C:\Users\kilberg\Documents\Mimsy2\iar\Mimsy2-Apps\Projects\Debug\Exe\Mimsy2_dev.out
#        --map
#        C:\Users\kilberg\Documents\Mimsy2\iar\Mimsy2-Apps\Projects\Debug\List\Mimsy2_dev.map
#        --config "C:\Program Files (x86)\IAR Systems\Embedded Workbench
#        8.0\arm\config\linker\TexasInstruments\cx2538xf53.icf" --semihosting
#        C:\Users\kilberg\Documents\Mimsy2\iar\Mimsy2-BSP-drivers\bsp\mpu9250motionlib\mpl\libmpllib.a
#        --entry __iar_program_start --vfe --text_out locale)
#
###############################################################################

*******************************************************************************
*** RUNTIME MODEL ATTRIBUTES
***

CppFlavor       = *
__SystemLibrary = DLib
__dlib_version  = 6


*******************************************************************************
*** HEAP SELECTION
***

The basic heap was selected because no calls to memory allocation
functions were found in the application outside of system library
functions, and there are calls to deallocation functions in the
application.


*******************************************************************************
*** PLACEMENT SUMMARY
***

"A0":  place at 0x00200000 { ro section .intvec };
"A1":  place at start of [0x0027ffd4-0x0027ffdf] { ro section .flashcca };
"P1":  place in [from 0x00200000 to 0x0027ffd3] { ro };
"A2":  place at start of [0x20004000-0x20007fff] { section VTABLE };
define block HEAP with size = 4K, alignment = 8 { };
"P2":  place in [from 0x20004000 to 0x20007fff] { rw, block HEAP };
define block CSTACK with size = 2K, alignment = 8 { section .stack };
"A3":  place at end of [0x20004000-0x20007fff] { block CSTACK };
do not initialize { section .stack };
initialize by copy { rw };

  Section            Kind        Address    Size  Object
  -------            ----        -------    ----  ------
"A0":                                      0x28c
  .intvec            const    0x00200000   0x28c  startup_iar.o [1]
                            - 0x0020028c   0x28c

"P1":                                     0x5322
  .text              ro code  0x0020028c  0x144c  inv_mpu.o [1]
  .text              ro code  0x002016d8   0x308  i2c_mimsy.o [1]
  .text              ro code  0x002019e0    0x66  ABImemset.o [5]
  .rodata            const    0x00201a46     0x2  inv_mpu_dmp_motion_driver.o [1]
  .text              ro code  0x00201a48    0x62  memcmp_unaligned.o [5]
  .rodata            const    0x00201aaa     0x2  leds_example.o [1]
  .text              ro code  0x00201aac   0x230  sys_ctrl.o [1]
  .text              ro code  0x00201cdc   0x134  gptimer.o [1]
  .text              ro code  0x00201e10    0xde  gpio.o [1]
  .rodata            const    0x00201eee     0x2  leds_example.o [1]
  .text              ro code  0x00201ef0   0x248  ioc.o [1]
  .text              ro code  0x00202138    0x8c  i2c.o [1]
  .text              ro code  0x002021c4    0xd8  interrupt.o [1]
  .text              ro code  0x0020229c    0x10  cpu.o [1]
  .rodata            const    0x002022ac   0xbf8  inv_mpu_dmp_motion_driver.o [1]
  .text              ro code  0x00202ea4   0xa4c  inv_mpu_dmp_motion_driver.o [1]
  .text              ro code  0x002038f0    0x76  ABImemcpy_unaligned.o [5]
  .text              ro code  0x00203968    0x1c  U32ToFlt.o [4]
  .text              ro code  0x00203984    0xfc  FltDiv.o [4]
  .text              ro code  0x00203a80    0xd8  FltMul.o [4]
  .text              ro code  0x00203b58    0x2a  FltToS32.o [4]
  .text              ro code  0x00203b84   0x660  leds_example.o [1]
  .text              ro code  0x002041e4    0x3c  led.o [1]
  .text              ro code  0x00204220   0x364  inchworm.o [1]
  .text              ro code  0x00204584    0x5c  uart_mimsy.o [1]
  .text              ro code  0x002045e0   0x27e  uartstdio.o [1]
  .text              ro code  0x00204860    0xe0  uart.o [1]
  .text              ro code  0x00204940    0x80  mpl.o [1]
  .text              ro code  0x002049c0    0x74  ml_math_func.o [1]
  .text              ro code  0x00204a34   0x118  accel_mimsy.o [1]
  .text              ro code  0x00204b4c    0xac  flash_mimsy.o [1]
  .text              ro code  0x00204bf8    0x8e  log_stm32.o [1]
  .text              ro code  0x00204c88    0xa8  storage_manager.o [1]
  .text              ro code  0x00204d30    0x3c  start_manager.o [1]
  .text              ro code  0x00204d6c   0x20c  data_builder.o [1]
  .text              ro code  0x00204f78    0x90  results_holder.o [1]
  .text              ro code  0x00205008    0x7c  flash.o [1]
  .rodata            const    0x00205084    0x5c  mpl.o [1]
  .rodata            const    0x002050e0    0x44  data_builder.o [1]
  .text              ro code  0x00205124    0x40  zero_init3.o [5]
  .text              ro code  0x00205164    0x38  packbits_init_single.o [5]
  .rodata            const    0x0020519c    0x30  inv_mpu.o [1]
  .rodata            const    0x002051cc    0x2c  inv_mpu.o [1]
  .text              ro code  0x002051f8    0x28  data_init.o [5]
  .iar.init_table    const    0x00205220    0x20  - Linker created -
  .rodata            const    0x00205240    0x20  ioc.o [1]
  .rodata            const    0x00205260    0x20  ioc.o [1]
  .rodata            const    0x00205280    0x20  ioc.o [1]
  .rodata            const    0x002052a0    0x20  ioc.o [1]
  .rodata            const    0x002052c0    0x20  ioc.o [1]
  .rodata            const    0x002052e0    0x20  ioc.o [1]
  .rodata            const    0x00205300    0x20  ioc.o [1]
  .rodata            const    0x00205320    0x20  ioc.o [1]
  .rodata            const    0x00205340    0x20  leds_example.o [1]
  .rodata            const    0x00205360    0x1c  leds_example.o [1]
  .rodata            const    0x0020537c    0x1c  leds_example.o [1]
  .text              ro code  0x00205398    0x1a  cmain.o [5]
  .text              ro code  0x002053b2     0x4  low_level_init.o [3]
  .text              ro code  0x002053b6     0x4  exit.o [3]
  .text              ro code  0x002053bc     0xa  cexit.o [5]
  .text              ro code  0x002053c8    0x14  exit.o [6]
  .rodata            const    0x002053dc    0x18  leds_example.o [1]
  .rodata            const    0x002053f4    0x18  mpl.o [1]
  .rodata            const    0x0020540c    0x18  sys_ctrl.o [1]
  .rodata            const    0x00205424    0x18  sys_ctrl.o [1]
  .rodata            const    0x0020543c    0x18  sys_ctrl.o [1]
  .rodata            const    0x00205454    0x18  sys_ctrl.o [1]
  .rodata            const    0x0020546c    0x14  interrupt.o [1]
  .rodata            const    0x00205480    0x14  leds_example.o [1]
  .rodata            const    0x00205494    0x14  leds_example.o [1]
  .rodata            const    0x002054a8    0x14  sys_ctrl.o [1]
  .rodata            const    0x002054bc    0x14  uartstdio.o [1]
  .rodata            const    0x002054d0    0x10  inv_mpu.o [1]
  .rodata            const    0x002054e0    0x10  leds_example.o [1]
  .rodata            const    0x002054f0    0x10  mpl.o [1]
  .text              ro code  0x00205500     0xe  startup_iar.o [1]
  .text              ro code  0x0020550e     0xc  cstartup_M.o [5]
  .rodata            const    0x0020551c     0xc  inv_mpu_dmp_motion_driver.o [1]
  .rodata            const    0x00205528     0xc  inv_mpu_dmp_motion_driver.o [1]
  .rodata            const    0x00205534     0xc  inv_mpu_dmp_motion_driver.o [1]
  .rodata            const    0x00205540     0xc  leds_example.o [1]
  .rodata            const    0x0020554c     0xc  leds_example.o [1]
  .rodata            const    0x00205558     0xc  leds_example.o [1]
  .rodata            const    0x00205564     0x8  uartstdio.o [1]
  .rodata            const    0x0020556c     0x8  uartstdio.o [1]
  .rodata            const    0x00205574     0x8  uartstdio.o [1]
  .rodata            const    0x0020557c     0x4  inv_mpu_dmp_motion_driver.o [1]
  .rodata            const    0x00205580     0x4  inv_mpu_dmp_motion_driver.o [1]
  .rodata            const    0x00205584     0x4  inv_mpu_dmp_motion_driver.o [1]
  .rodata            const    0x00205588     0x4  inv_mpu_dmp_motion_driver.o [1]
  .rodata            const    0x0020558c     0x4  uartstdio.o [1]
  .rodata            const    0x00205590     0x0  zero_init3.o [5]
  .rodata            const    0x00205590     0x0  packbits_init_single.o [5]
  Initializer bytes  const    0x00205590    0x1e  <for P2-1>
                            - 0x002055ae  0x5322

"A1":                                        0xc
  .flashcca          const    0x0027ffd4     0xc  startup_iar.o [1]
                            - 0x0027ffe0     0xc

"A2":                                      0x28c
  VTABLE             uninit   0x20004000   0x28c  interrupt.o [1]
                            - 0x2000428c   0x28c

"P2", part 1 of 2:                          0x48
  P2-1                        0x2000428c    0x48  <Init block>
    .data            inited   0x2000428c    0x38  inv_mpu.o [1]
    .data            inited   0x200042c4     0x4  leds_example.o [1]
    .data            inited   0x200042c8     0xc  leds_example.o [1]
                            - 0x200042d4    0x48

"P2", part 2 of 2:                        0x141c
  .bss               zero     0x200042d4   0x800  leds_example.o [1]
  .bss               zero     0x20004ad4   0x4b0  leds_example.o [1]
  .bss               zero     0x20004f88   0x1d0  data_builder.o [1]
  .bss               zero     0x20005158   0x198  storage_manager.o [1]
  .bss               zero     0x200052f0   0x140  data_builder.o [1]
  .bss               zero     0x20005430    0xc0  inchworm.o [1]
  .bss               zero     0x200054f0    0x90  results_holder.o [1]
  .bss               zero     0x20005580    0x54  start_manager.o [1]
  .bss               zero     0x200055d4    0x40  inchworm.o [1]
  .bss               zero     0x20005614    0x40  inchworm.o [1]
  .bss               zero     0x20005654    0x24  leds_example.o [1]
  .bss               zero     0x20005678    0x10  inchworm.o [1]
  .bss               zero     0x20005688    0x10  inv_mpu_dmp_motion_driver.o [1]
  .bss               zero     0x20005698    0x10  leds_example.o [1]
  .bss               zero     0x200056a8    0x10  leds_example.o [1]
  .bss               zero     0x200056b8     0xc  leds_example.o [1]
  .bss               zero     0x200056c4     0x4  inchworm.o [1]
  .bss               zero     0x200056c8     0x4  inchworm.o [1]
  .bss               zero     0x200056cc     0x4  inchworm.o [1]
  .bss               zero     0x200056d0     0x4  inchworm.o [1]
  .bss               zero     0x200056d4     0x4  leds_example.o [1]
  .bss               zero     0x200056d8     0x4  leds_example.o [1]
  .bss               zero     0x200056dc     0x4  leds_example.o [1]
  .bss               zero     0x200056e0     0x4  leds_example.o [1]
  .bss               zero     0x200056e4     0x4  leds_example.o [1]
  .bss               zero     0x200056e8     0x4  uartstdio.o [1]
  .bss               zero     0x200056ec     0x1  leds_example.o [1]
                            - 0x200056ed  0x1419

"A3":                                      0x800
  CSTACK                      0x20007800   0x800  <Block>
    .stack           uninit   0x20007800     0x4  startup_iar.o [1]
    CSTACK           uninit   0x20007804   0x7fc  <Block tail>
                            - 0x20008000   0x800


*******************************************************************************
*** INIT TABLE
***

          Address     Size
          -------     ----
Zero (__iar_zero_init3)
    1 destination range, total size 0x1419:
          0x200042d4  0x1419

Copy/packbits (__iar_packbits_init_single3)
    1 source range, total size 0x1e (41% of destination):
          0x00205590    0x1e
    1 destination range, total size 0x48:
          0x2000428c    0x48



*******************************************************************************
*** MODULE SUMMARY
***

    Module                       ro code  ro data  rw data
    ------                       -------  -------  -------
C:\Users\kilberg\Documents\Mimsy2\iar\Mimsy2-Apps\Projects\Debug\Obj: [1]
    accel_mimsy.o                    280
    cpu.o                             16
    data_builder.o                   524       68      784
    flash.o                          124
    flash_mimsy.o                    172
    gpio.o                           222
    gptimer.o                        308
    i2c.o                            140
    i2c_mimsy.o                      776
    inchworm.o                       868               352
    interrupt.o                      216       20      652
    inv_mpu.o                      5 196      131       56
    inv_mpu_dmp_motion_driver.o    2 636    3 118       16
    ioc.o                            584      256
    led.o                             60
    leds_example.o                 1 632      215    3 365
    log_stm32.o                      142
    ml_math_func.o                   116
    mpl.o                            128      132
    results_holder.o                 144               144
    start_manager.o                   60                84
    startup_iar.o                     14      664        4
    storage_manager.o                168               408
    sys_ctrl.o                       560      116
    uart.o                           224
    uart_mimsy.o                      92
    uartstdio.o                      638       48        4
    ------------------------------------------------------
    Total:                        16 040    4 768    5 869

command line: [2]
    ------------------------------------------------------
    Total:

dl7M_tln.a: [3]
    exit.o                             4
    low_level_init.o                   4
    ------------------------------------------------------
    Total:                             8

m7M_tl.a: [4]
    FltDiv.o                         252
    FltMul.o                         216
    FltToS32.o                        42
    U32ToFlt.o                        28
    ------------------------------------------------------
    Total:                           538

rt7M_tl.a: [5]
    ABImemcpy_unaligned.o            118
    ABImemset.o                      102
    cexit.o                           10
    cmain.o                           26
    cstartup_M.o                      12
    data_init.o                       40
    memcmp_unaligned.o                98
    packbits_init_single.o            56
    zero_init3.o                      64
    ------------------------------------------------------
    Total:                           526

shb_l.a: [6]
    exit.o                            20
    ------------------------------------------------------
    Total:                            20

    Gaps                              12        2        4
    Linker created                             32    2 044
----------------------------------------------------------
    Grand Total:                  17 144    4 802    7 917


*******************************************************************************
*** ENTRY LIST
***

Entry                      Address   Size  Type      Object
-----                      -------   ----  ----      ------
.iar.init_table$$Base   0x00205220          --   Gb  - Linker created -
.iar.init_table$$Limit  0x00205240          --   Gb  - Linker created -
?main                   0x00205399         Code  Gb  cmain.o [5]
CPUcpsid                0x0020229d    0x8  Code  Gb  cpu.o [1]
CPUcpsie                0x002022a5    0x8  Code  Gb  cpu.o [1]
CSTACK$$Base            0x20007800          --   Gb  - Linker created -
CSTACK$$Limit           0x20008000          --   Gb  - Linker created -
FaultISR                0x0020550b    0x2  Code  Lc  startup_iar.o [1]
FlashCacheModeGet       0x00205059    0xa  Code  Gb  flash.o [1]
FlashCacheModeSet       0x00205063   0x1c  Code  Gb  flash.o [1]
FlashGet                0x00205055    0x4  Code  Gb  flash.o [1]
FlashMainPageErase      0x00205009   0x24  Code  Gb  flash.o [1]
FlashMainPageProgram    0x0020502d   0x28  Code  Gb  flash.o [1]
GPIODirModeSet          0x00201e11   0x48  Code  Gb  gpio.o [1]
GPIOPinRead             0x00201e59    0xa  Code  Gb  gpio.o [1]
GPIOPinTypeGPIOOutput   0x00201e6f   0x20  Code  Gb  gpio.o [1]
GPIOPinTypeI2C          0x00201e8f   0x20  Code  Gb  gpio.o [1]
GPIOPinTypeUARTInput    0x00201eaf   0x20  Code  Gb  gpio.o [1]
GPIOPinTypeUARTOutput   0x00201ecf   0x20  Code  Gb  gpio.o [1]
GPIOPinWrite            0x00201e63    0xc  Code  Gb  gpio.o [1]
I2CMasterBusy           0x00202183   0x10  Code  Gb  i2c.o [1]
I2CMasterControl        0x00202193    0x6  Code  Gb  i2c.o [1]
I2CMasterDataGet        0x002021a1    0x6  Code  Gb  i2c.o [1]
I2CMasterDataPut        0x00202199    0x8  Code  Gb  i2c.o [1]
I2CMasterEnable         0x00202167    0xe  Code  Gb  i2c.o [1]
I2CMasterInitExpClk     0x00202139   0x2e  Code  Gb  i2c.o [1]
I2CMasterSlaveAddrSet   0x00202175    0xe  Code  Gb  i2c.o [1]
IOCPadConfigSet         0x0020209d   0x62  Code  Gb  ioc.o [1]
IOCPinConfigPeriphInput
                        0x00201f67  0x136  Code  Gb  ioc.o [1]
IOCPinConfigPeriphOutput
                        0x00201ef1   0x76  Code  Gb  ioc.o [1]
IntDefaultHandler       0x0020550d    0x2  Code  Lc  startup_iar.o [1]
IntEnable               0x00202223   0x66  Code  Gb  interrupt.o [1]
IntMasterDisable        0x002021d9   0x14  Code  Gb  interrupt.o [1]
IntMasterEnable         0x002021c5   0x14  Code  Gb  interrupt.o [1]
IntRegister             0x002021ed   0x36  Code  Gb  interrupt.o [1]
NmiISR                  0x00205509    0x2  Code  Lc  startup_iar.o [1]
PwmTimerAIntHandler     0x00204221   0x84  Code  Gb  inchworm.o [1]
PwmTimerBIntHandler     0x002042a5   0x10  Code  Gb  inchworm.o [1]
Region$$Table$$Base     0x00205220          --   Gb  - Linker created -
Region$$Table$$Limit    0x00205240          --   Gb  - Linker created -
ResetISR                0x00205501    0x8  Code  Lc  startup_iar.o [1]
STACK_TOP {Abs}         0x20008000         Data  Gb  command line/config [2]
SysCtrlClockGet         0x00201b1d   0x48  Code  Gb  sys_ctrl.o [1]
SysCtrlClockSet         0x00201aad   0x70  Code  Gb  sys_ctrl.o [1]
SysCtrlDelay            0x00201b79    0x8  Code  Gb  sys_ctrl.o [1]
SysCtrlIOClockSet       0x00201b65   0x12  Code  Gb  sys_ctrl.o [1]
SysCtrlPeripheralDeepSleepDisable
                        0x00201c6d   0x28  Code  Gb  sys_ctrl.o [1]
SysCtrlPeripheralEnable
                        0x00201c21   0x26  Code  Gb  sys_ctrl.o [1]
SysCtrlPeripheralPresent
                        0x00201b81   0x40  Code  Gb  sys_ctrl.o [1]
SysCtrlPeripheralReset  0x00201bc1   0x60  Code  Gb  sys_ctrl.o [1]
SysCtrlPeripheralSleepEnable
                        0x00201c47   0x26  Code  Gb  sys_ctrl.o [1]
Timer1AIntHandler       0x00203b89   0x1e  Code  Gb  leds_example.o [1]
Timer1BIntHandler       0x00203ba7   0x32  Code  Gb  leds_example.o [1]
TimerConfigure          0x00201cf1   0x30  Code  Gb  gptimer.o [1]
TimerControlEvent       0x00201d47   0x18  Code  Gb  gptimer.o [1]
TimerControlLevel       0x00201d21   0x26  Code  Gb  gptimer.o [1]
TimerEnable             0x00201cdd   0x14  Code  Gb  gptimer.o [1]
TimerIntClear           0x00201e0b    0x6  Code  Gb  gptimer.o [1]
TimerIntEnable          0x00201dfd    0xe  Code  Gb  gptimer.o [1]
TimerIntRegister        0x00201d9b   0x50  Code  Gb  gptimer.o [1]
TimerLoadSet            0x00201d5f   0x16  Code  Gb  gptimer.o [1]
TimerMatchSet           0x00201d85   0x16  Code  Gb  gptimer.o [1]
TimerValueGet           0x00201d75   0x10  Code  Gb  gptimer.o [1]
UARTCharPut             0x00204913   0x10  Code  Gb  uart.o [1]
UARTClockSourceSet      0x00204939    0x8  Code  Gb  uart.o [1]
UARTConfigSetExpClk     0x00204861   0x66  Code  Gb  uart.o [1]
UARTDisable             0x002048e9   0x2a  Code  Gb  uart.o [1]
UARTEnable              0x002048c7   0x22  Code  Gb  uart.o [1]
UARTIntDisable          0x00204929   0x10  Code  Gb  uart.o [1]
UARTStdioConfig         0x002045e1   0x62  Code  Gb  uartstdio.o [1]
UARTStdioInit           0x00204643   0x16  Code  Gb  uartstdio.o [1]
UARTprintf              0x00204851    0xe  Code  Gb  uartstdio.o [1]
UARTvprintf             0x00204687  0x1b0  Code  Gb  uartstdio.o [1]
UARTwrite               0x00204659   0x2e  Code  Gb  uartstdio.o [1]
_MLPrintLog             0x00204bf9   0x8e  Code  Gb  log_stm32.o [1]
__aeabi_f2iz            0x00203b59         Code  Gb  FltToS32.o [4]
__aeabi_fdiv            0x00203985         Code  Gb  FltDiv.o [4]
__aeabi_fmul            0x00203a81         Code  Gb  FltMul.o [4]
__aeabi_memset          0x002019e1         Code  Gb  ABImemset.o [5]
__aeabi_ui2f            0x00203969         Code  Gb  U32ToFlt.o [4]
__cca                   0x0027ffd4    0xc  Data  Gb  startup_iar.o [1]
__cmain                 0x00205399         Code  Gb  cmain.o [5]
__exit                  0x002053c9   0x14  Code  Gb  exit.o [6]
__iar_Memset            0x002019e1         Code  Gb  ABImemset.o [5]
__iar_Memset_word       0x002019e9         Code  Gb  ABImemset.o [5]
__iar_data_init3        0x002051f9   0x28  Code  Gb  data_init.o [5]
__iar_packbits_init_single3
                        0x00205165   0x38  Code  Gb  packbits_init_single.o [5]
__iar_program_start     0x0020550f         Code  Gb  cstartup_M.o [5]
__iar_systems$$module {Abs}
                        0x00000001         Data  Gb  command line/config [2]
__iar_unaligned_memcmp  0x00201a49         Code  Gb  memcmp_unaligned.o [5]
__iar_unaligned_memcpy  0x002038f1         Code  Gb  ABImemcpy_unaligned.o [5]
__iar_unaligned_memcpy4
                        0x00203911         Code  Gb  ABImemcpy_unaligned.o [5]
__iar_unaligned_memcpy8
                        0x00203911         Code  Gb  ABImemcpy_unaligned.o [5]
__iar_zero_init3        0x00205125   0x40  Code  Gb  zero_init3.o [5]
__low_level_init        0x002053b3    0x4  Code  Gb  low_level_init.o [3]
__print_result_location
                        0x00204941   0x16  Code  Lc  mpl.o [1]
__vector_table          0x00200000  0x28c  Data  Gb  startup_iar.o [1]
_call_main              0x002053a5         Code  Gb  cmain.o [5]
_exit                   0x002053bd         Code  Gb  cexit.o [5]
_main                   0x002053af         Code  Gb  cmain.o [5]
activeDriveList         0x20005678   0x10  Data  Gb  inchworm.o [1]
android_orient_cb       0x00203b87    0x2  Code  Lc  leds_example.o [1]
board_timer_expired     0x00201703   0x1c  Code  Gb  i2c_mimsy.o [1]
board_timer_get         0x002016f5    0xe  Code  Gb  i2c_mimsy.o [1]
board_timer_init        0x002016d9   0x1c  Code  Gb  i2c_mimsy.o [1]
bufferCount             0x200056e0    0x4  Data  Gb  leds_example.o [1]
cards                   0x20004ad4  0x4b0  Data  Gb  leds_example.o [1]
currentflashpage        0x200042c4    0x4  Data  Gb  leds_example.o [1]
data                    0x200042d4  0x800  Data  Gb  leds_example.o [1]
debug                   0x200056d8    0x4  Data  Gb  leds_example.o [1]
debug4                  0x20005698   0x10  Data  Gb  leds_example.o [1]
decode_gesture          0x00203637   0x5c  Code  Lc  inv_mpu_dmp_motion_driver.o [1]
delay_ms                0x0020171f   0x34  Code  Gb  i2c_mimsy.o [1]
dmp                     0x20005688   0x10  Data  Lc  inv_mpu_dmp_motion_driver.o [1]
dmp_enable_6x_lp_quat   0x002035f5   0x42  Code  Gb  inv_mpu_dmp_motion_driver.o [1]
dmp_enable_feature      0x00203341  0x22e  Code  Gb  inv_mpu_dmp_motion_driver.o [1]
dmp_enable_gyro_cal     0x0020356f   0x44  Code  Gb  inv_mpu_dmp_motion_driver.o [1]
dmp_enable_lp_quat      0x002035b3   0x42  Code  Gb  inv_mpu_dmp_motion_driver.o [1]
dmp_load_motion_driver_firmware
                        0x00202ea5   0x18  Code  Gb  inv_mpu_dmp_motion_driver.o [1]
dmp_memory              0x002022ac  0xbf8  Data  Lc  inv_mpu_dmp_motion_driver.o [1]
dmp_read_fifo           0x002036ad  0x206  Code  Gb  inv_mpu_dmp_motion_driver.o [1]
dmp_register_android_orient_cb
                        0x002038bb    0x8  Code  Gb  inv_mpu_dmp_motion_driver.o [1]
dmp_register_tap_cb     0x002038b3    0x8  Code  Gb  inv_mpu_dmp_motion_driver.o [1]
dmp_set_fifo_rate       0x0020300f   0x70  Code  Gb  inv_mpu_dmp_motion_driver.o [1]
dmp_set_orientation     0x00202ebd  0x152  Code  Gb  inv_mpu_dmp_motion_driver.o [1]
dmp_set_shake_reject_thresh
                        0x002032bb   0x3a  Code  Gb  inv_mpu_dmp_motion_driver.o [1]
dmp_set_shake_reject_time
                        0x002032f5   0x26  Code  Gb  inv_mpu_dmp_motion_driver.o [1]
dmp_set_shake_reject_timeout
                        0x0020331b   0x26  Code  Gb  inv_mpu_dmp_motion_driver.o [1]
dmp_set_tap_axes        0x00203201   0x46  Code  Gb  inv_mpu_dmp_motion_driver.o [1]
dmp_set_tap_count       0x00203247   0x28  Code  Gb  inv_mpu_dmp_motion_driver.o [1]
dmp_set_tap_thresh      0x0020307f  0x182  Code  Gb  inv_mpu_dmp_motion_driver.o [1]
dmp_set_tap_time        0x0020326f   0x26  Code  Gb  inv_mpu_dmp_motion_driver.o [1]
dmp_set_tap_time_multi  0x00203295   0x26  Code  Gb  inv_mpu_dmp_motion_driver.o [1]
ds                      0x20005158  0x198  Data  Lc  storage_manager.o [1]
dummy_stack             0x20007800    0x4  Data  Lc  startup_iar.o [1]
exit                    0x002053b7    0x4  Code  Gb  exit.o [3]
flashReadIMU            0x00204ba9   0x50  Code  Gb  flash_mimsy.o [1]
flashWriteIMU           0x00204b4d   0x5c  Code  Gb  flash_mimsy.o [1]
g_pcHex                 0x0020558c    0x4  Data  Lc  uartstdio.o [1]
g_pfnRAMVectors         0x20004000  0x28c  Data  Lc  interrupt.o [1]
g_pui32DCGCRegs         0x0020543c   0x18  Data  Lc  sys_ctrl.o [1]
g_pui32DieCfgMask       0x00205454   0x18  Data  Lc  sys_ctrl.o [1]
g_pui32EnRegs           0x0020546c   0x14  Data  Lc  interrupt.o [1]
g_pui32IOCPortAOverrideReg
                        0x00205240   0x20  Data  Lc  ioc.o [1]
g_pui32IOCPortASignSelectReg
                        0x002052c0   0x20  Data  Lc  ioc.o [1]
g_pui32IOCPortBOverrideReg
                        0x00205260   0x20  Data  Lc  ioc.o [1]
g_pui32IOCPortBSignSelectReg
                        0x002052e0   0x20  Data  Lc  ioc.o [1]
g_pui32IOCPortCOverrideReg
                        0x00205280   0x20  Data  Lc  ioc.o [1]
g_pui32IOCPortCSignSelectReg
                        0x00205300   0x20  Data  Lc  ioc.o [1]
g_pui32IOCPortDOverrideReg
                        0x002052a0   0x20  Data  Lc  ioc.o [1]
g_pui32IOCPortDSignSelectReg
                        0x00205320   0x20  Data  Lc  ioc.o [1]
g_pui32RCGCRegs         0x0020540c   0x18  Data  Lc  sys_ctrl.o [1]
g_pui32SCGCRegs         0x00205424   0x18  Data  Lc  sys_ctrl.o [1]
g_pui32SRRegs           0x002054a8   0x14  Data  Lc  sys_ctrl.o [1]
g_ui32Base              0x200056e8    0x4  Data  Lc  uartstdio.o [1]
g_ui32UARTBase          0x0020556c    0x8  Data  Lc  uartstdio.o [1]
g_ui32UARTPeriph        0x00205574    0x8  Data  Lc  uartstdio.o [1]
get_ms                  0x00201753   0x20  Code  Gb  i2c_mimsy.o [1]
gpio_state              0x200056d4    0x4  Data  Gb  leds_example.o [1]
gyro_pdata              0x200042c8    0xc  Data  Lc  leds_example.o [1]
hal                     0x20005654   0x24  Data  Lc  leds_example.o [1]
hw                      0x002054d0   0x10  Data  Gb  inv_mpu.o [1]
i2c_init                0x00201773   0x82  Code  Gb  i2c_mimsy.o [1]
i2c_read_byte           0x002017f5   0x3a  Code  Gb  i2c_mimsy.o [1]
i2c_read_bytes          0x0020182f   0x58  Code  Gb  i2c_mimsy.o [1]
i2c_read_register       0x00201977   0x1c  Code  Gb  i2c_mimsy.o [1]
i2c_read_registers      0x0020194d   0x2a  Code  Gb  i2c_mimsy.o [1]
i2c_write_byte          0x00201887   0x3c  Code  Gb  i2c_mimsy.o [1]
i2c_write_bytes         0x002018c3   0x76  Code  Gb  i2c_mimsy.o [1]
i2c_write_register_8bit
                        0x00201993   0x16  Code  Gb  i2c_mimsy.o [1]
i2c_write_registers     0x002019a9   0x38  Code  Gb  i2c_mimsy.o [1]
imu                     0x200056a8   0x10  Data  Gb  leds_example.o [1]
inchwormHold            0x00204519   0x30  Code  Gb  inchworm.o [1]
inchwormInit            0x002042b5  0x264  Code  Gb  inchworm.o [1]
inchwormTimer           0x200056c4    0x4  Data  Gb  inchworm.o [1]
inv_data_builder        0x200052f0  0x140  Data  Lc  data_builder.o [1]
inv_db_load_func        0x00204d6d   0x54  Code  Lc  data_builder.o [1]
inv_db_save_func        0x00204dc1   0x14  Code  Lc  data_builder.o [1]
inv_disable_compass_soft_iron_matrix
                        0x00204f61    0xa  Code  Gb  data_builder.o [1]
inv_enable_results_holder
                        0x00204fdf   0x12  Code  Gb  results_holder.o [1]
inv_generate_results    0x00204f79    0xa  Code  Gb  results_holder.o [1]
inv_init_data_builder   0x00204dd5   0x3a  Code  Gb  data_builder.o [1]
inv_init_mpl            0x00204957   0x5e  Code  Gb  mpl.o [1]
inv_init_mpl::__func__  0x002054f0   0x10  Data  Lc  mpl.o [1]
inv_init_results_holder
                        0x00204f95   0x4a  Code  Gb  results_holder.o [1]
inv_init_start_manager  0x00204d31   0x12  Code  Gb  start_manager.o [1]
inv_init_storage_manager
                        0x00204c89   0x18  Code  Gb  storage_manager.o [1]
inv_orientation_matrix_to_scalar
                        0x00204a0f   0x26  Code  Gb  ml_math_func.o [1]
inv_register_data_cb    0x00204e0f   0xea  Code  Gb  data_builder.o [1]
inv_register_load_store
                        0x00204ca1   0x8a  Code  Gb  storage_manager.o [1]
inv_register_mpl_start_notification
                        0x00204d43   0x26  Code  Gb  start_manager.o [1]
inv_reset_compass_soft_iron_matrix
                        0x00204f11   0x50  Code  Gb  data_builder.o [1]
inv_row_2_scale         0x002049c1   0x4e  Code  Lc  ml_math_func.o [1]
inv_set_compass_bias_found
                        0x00204ff1    0x6  Code  Gb  results_holder.o [1]
inv_start_cb            0x20005580   0x54  Data  Lc  start_manager.o [1]
inv_start_results_holder
                        0x00204f83   0x12  Code  Gb  results_holder.o [1]
main                    0x00203bd9  0x58c  Code  Gb  leds_example.o [1]
mimsyIMURead6Dof        0x00204a35  0x112  Code  Gb  accel_mimsy.o [1]
mimsyLedClear           0x0020420d   0x10  Code  Gb  led.o [1]
mimsyLedInit            0x002041e5   0x16  Code  Gb  led.o [1]
mimsyLedSet             0x002041fb   0x12  Code  Gb  led.o [1]
motorList               0x20005430   0xc0  Data  Gb  inchworm.o [1]
motorsNum               0x200056d0    0x4  Data  Gb  inchworm.o [1]
mpu_configure_fifo      0x00200c3b   0x80  Code  Gb  inv_mpu.o [1]
mpu_get_accel_fsr       0x00200995   0x46  Code  Gb  inv_mpu.o [1]
mpu_get_accel_reg       0x0020068f   0x72  Code  Gb  inv_mpu.o [1]
mpu_init                0x0020039d  0x1a0  Code  Gb  inv_mpu.o [1]
mpu_load_firmware       0x002012b1   0xf4  Code  Gb  inv_mpu.o [1]
mpu_lp_accel_mode       0x0020053d  0x152  Code  Gb  inv_mpu.o [1]
mpu_read_fifo_stream    0x00200e77   0xea  Code  Gb  inv_mpu.o [1]
mpu_read_mem            0x0020121f   0x92  Code  Gb  inv_mpu.o [1]
mpu_read_reg            0x00200349   0x54  Code  Gb  inv_mpu.o [1]
mpu_reset_fifo          0x00200701  0x1f2  Code  Gb  inv_mpu.o [1]
mpu_set_accel_fsr       0x002009db   0x94  Code  Gb  inv_mpu.o [1]
mpu_set_bypass          0x00200f65  0x198  Code  Gb  inv_mpu.o [1]
mpu_set_compass_sample_rate
                        0x00200bd5   0x66  Code  Gb  inv_mpu.o [1]
mpu_set_dmp_state       0x002013a5   0xa6  Code  Gb  inv_mpu.o [1]
mpu_set_gyro_fsr        0x002008f3   0x9a  Code  Gb  inv_mpu.o [1]
mpu_set_int_latched     0x002010fd   0x8a  Code  Gb  inv_mpu.o [1]
mpu_set_lpf             0x00200a6f   0x98  Code  Gb  inv_mpu.o [1]
mpu_set_sample_rate     0x00200b0d   0xc8  Code  Gb  inv_mpu.o [1]
mpu_set_sensors         0x00200cc1  0x1b6  Code  Gb  inv_mpu.o [1]
mpu_write_mem           0x0020118d   0x92  Code  Gb  inv_mpu.o [1]
pagesWritten            0x200056e4    0x4  Data  Gb  leds_example.o [1]
readbyte                0x200056ec    0x1  Data  Gb  leds_example.o [1]
refCard                 0x200056b8    0xc  Data  Gb  leds_example.o [1]
refptr                  0x200056dc    0x4  Data  Gb  leds_example.o [1]
reg                     0x002051cc   0x2c  Data  Gb  inv_mpu.o [1]
reg_int_cb              0x0020028d    0x4  Code  Lc  inv_mpu.o [1]
rh                      0x200054f0   0x90  Data  Lc  results_holder.o [1]
sStartAddress           0x00201a46    0x2  Data  Lc  inv_mpu_dmp_motion_driver.o [1]
sensors                 0x20004f88  0x1d0  Data  Lc  data_builder.o [1]
set_int_enable          0x00200291   0xb8  Code  Lc  inv_mpu.o [1]
setup_compass           0x0020144b  0x28a  Code  Lc  inv_mpu.o [1]
st                      0x2000428c   0x38  Data  Lc  inv_mpu.o [1]
stepCountList           0x200055d4   0x40  Data  Gb  inchworm.o [1]
stepTargetList          0x20005614   0x40  Data  Gb  inchworm.o [1]
tap_cb                  0x00203b85    0x2  Code  Lc  leds_example.o [1]
test                    0x0020519c   0x30  Data  Gb  inv_mpu.o [1]
timerIntA               0x200056c8    0x4  Data  Gb  inchworm.o [1]
timerIntB               0x200056cc    0x4  Data  Gb  inchworm.o [1]
uartMimsyInit           0x00204585   0x5c  Code  Gb  uart_mimsy.o [1]


[1] = C:\Users\kilberg\Documents\Mimsy2\iar\Mimsy2-Apps\Projects\Debug\Obj
[2] = command line
[3] = dl7M_tln.a
[4] = m7M_tl.a
[5] = rt7M_tl.a
[6] = shb_l.a

  17 144 bytes of readonly  code memory
   4 802 bytes of readonly  data memory
   7 917 bytes of readwrite data memory

Errors: none
Warnings: none
