###############################################################################
#
# IAR ELF Linker V8.11.3.13950/W32 for ARM                11/Oct/2017  14:12:57
# Copyright 2007-2017 IAR Systems AB.
#
#    Output file  =  
#        C:\Users\kilberg\Documents\Mimsy2\iar\Mimsy2-Apps\Projects\Debug\Exe\Mimsy2_dev.out
#    Map file     =  
#        C:\Users\kilberg\Documents\Mimsy2\iar\Mimsy2-Apps\Projects\Debug\List\Mimsy2_dev.map
#    Command line =  
#        -f C:\Users\kilberg\AppData\Local\Temp\EWBA27.tmp
#        (C:\Users\kilberg\Documents\Mimsy2\iar\Mimsy2-Apps\Projects\Debug\Obj\adc.o
#        C:\Users\kilberg\Documents\Mimsy2\iar\Mimsy2-Apps\Projects\Debug\Obj\aes.o
#        C:\Users\kilberg\Documents\Mimsy2\iar\Mimsy2-Apps\Projects\Debug\Obj\ccm.o
#        C:\Users\kilberg\Documents\Mimsy2\iar\Mimsy2-Apps\Projects\Debug\Obj\cpu.o
#        C:\Users\kilberg\Documents\Mimsy2\iar\Mimsy2-Apps\Projects\Debug\Obj\debug.o
#        C:\Users\kilberg\Documents\Mimsy2\iar\Mimsy2-Apps\Projects\Debug\Obj\flash.o
#        C:\Users\kilberg\Documents\Mimsy2\iar\Mimsy2-Apps\Projects\Debug\Obj\gpio.o
#        C:\Users\kilberg\Documents\Mimsy2\iar\Mimsy2-Apps\Projects\Debug\Obj\gptimer.o
#        C:\Users\kilberg\Documents\Mimsy2\iar\Mimsy2-Apps\Projects\Debug\Obj\i2c.o
#        C:\Users\kilberg\Documents\Mimsy2\iar\Mimsy2-Apps\Projects\Debug\Obj\inchworm.o
#        C:\Users\kilberg\Documents\Mimsy2\iar\Mimsy2-Apps\Projects\Debug\Obj\interrupt.o
#        C:\Users\kilberg\Documents\Mimsy2\iar\Mimsy2-Apps\Projects\Debug\Obj\ioc.o
#        C:\Users\kilberg\Documents\Mimsy2\iar\Mimsy2-Apps\Projects\Debug\Obj\led.o
#        C:\Users\kilberg\Documents\Mimsy2\iar\Mimsy2-Apps\Projects\Debug\Obj\leds_example.o
#        C:\Users\kilberg\Documents\Mimsy2\iar\Mimsy2-Apps\Projects\Debug\Obj\pka.o
#        C:\Users\kilberg\Documents\Mimsy2\iar\Mimsy2-Apps\Projects\Debug\Obj\sha256.o
#        C:\Users\kilberg\Documents\Mimsy2\iar\Mimsy2-Apps\Projects\Debug\Obj\sleepmode.o
#        C:\Users\kilberg\Documents\Mimsy2\iar\Mimsy2-Apps\Projects\Debug\Obj\ssi.o
#        C:\Users\kilberg\Documents\Mimsy2\iar\Mimsy2-Apps\Projects\Debug\Obj\startup_iar.o
#        C:\Users\kilberg\Documents\Mimsy2\iar\Mimsy2-Apps\Projects\Debug\Obj\sys_ctrl.o
#        C:\Users\kilberg\Documents\Mimsy2\iar\Mimsy2-Apps\Projects\Debug\Obj\systick.o
#        C:\Users\kilberg\Documents\Mimsy2\iar\Mimsy2-Apps\Projects\Debug\Obj\uart.o
#        C:\Users\kilberg\Documents\Mimsy2\iar\Mimsy2-Apps\Projects\Debug\Obj\udma.o
#        C:\Users\kilberg\Documents\Mimsy2\iar\Mimsy2-Apps\Projects\Debug\Obj\watchdog.o
#        -o
#        C:\Users\kilberg\Documents\Mimsy2\iar\Mimsy2-Apps\Projects\Debug\Exe\Mimsy2_dev.out
#        --map
#        C:\Users\kilberg\Documents\Mimsy2\iar\Mimsy2-Apps\Projects\Debug\List\Mimsy2_dev.map
#        --config "C:\Program Files (x86)\IAR Systems\Embedded Workbench
#        8.0\arm\config\linker\TexasInstruments\cx2538xf53.icf" --semihosting
#        --entry __iar_program_start --vfe --text_out locale)
#
###############################################################################

*******************************************************************************
*** RUNTIME MODEL ATTRIBUTES
***

CppFlavor       = *
__SystemLibrary = DLib
__dlib_version  = 6


*******************************************************************************
*** HEAP SELECTION
***

The basic heap was selected because no calls to memory allocation
functions were found in the application outside of system library
functions, and there are calls to deallocation functions in the
application.


*******************************************************************************
*** PLACEMENT SUMMARY
***

"A0":  place at 0x00200000 { ro section .intvec };
"A1":  place at start of [0x0027ffd4-0x0027ffdf] { ro section .flashcca };
"P1":  place in [from 0x00200000 to 0x0027ffd3] { ro };
"A2":  place at start of [0x20004000-0x20007fff] { section VTABLE };
define block HEAP with size = 4K, alignment = 8 { };
"P2":  place in [from 0x20004000 to 0x20007fff] { rw, block HEAP };
define block CSTACK with size = 2K, alignment = 8 { section .stack };
"A3":  place at end of [0x20004000-0x20007fff] { block CSTACK };
do not initialize { section .stack };

  Section          Kind        Address   Size  Object
  -------          ----        -------   ----  ------
"A0":                                   0x28c
  .intvec          const    0x00200000  0x28c  startup_iar.o [1]
                          - 0x0020028c  0x28c

"P1":                                   0xb7c
  .text            ro code  0x0020028c  0x328  inchworm.o [1]
  .text            ro code  0x002005b4  0x134  gptimer.o [1]
  .text            ro code  0x002006e8   0x4c  led.o [1]
  .text            ro code  0x00200734   0x98  sys_ctrl.o [1]
  .text            ro code  0x002007cc  0x110  ioc.o [1]
  .text            ro code  0x002008dc   0xd8  interrupt.o [1]
  .text            ro code  0x002009b4   0x9e  gpio.o [1]
  .text            ro code  0x00200a54   0x10  cpu.o [1]
  .text            ro code  0x00200a64  0x118  leds_example.o [1]
  .text            ro code  0x00200b7c   0x56  ABImemcpy_unaligned.o [4]
  .text            ro code  0x00200bd2   0x40  zero_init3.o [4]
  .text            ro code  0x00200c14   0x28  data_init.o [4]
  .iar.init_table  const    0x00200c3c   0x10  - Linker created -
  .rodata          const    0x00200c4c   0x20  ioc.o [1]
  .rodata          const    0x00200c6c   0x20  ioc.o [1]
  .rodata          const    0x00200c8c   0x20  ioc.o [1]
  .rodata          const    0x00200cac   0x20  ioc.o [1]
  .rodata          const    0x00200ccc   0x20  ioc.o [1]
  .rodata          const    0x00200cec   0x20  ioc.o [1]
  .rodata          const    0x00200d0c   0x20  ioc.o [1]
  .rodata          const    0x00200d2c   0x20  ioc.o [1]
  .text            ro code  0x00200d4c   0x1a  cmain.o [4]
  .text            ro code  0x00200d66    0x4  low_level_init.o [3]
  .text            ro code  0x00200d6a    0x4  exit.o [3]
  .text            ro code  0x00200d70    0xa  cexit.o [4]
  .text            ro code  0x00200d7c   0x14  exit.o [5]
  .rodata          const    0x00200d90   0x18  leds_example.o [1]
  .rodata          const    0x00200da8   0x18  sys_ctrl.o [1]
  .rodata          const    0x00200dc0   0x14  interrupt.o [1]
  .text            ro code  0x00200dd4    0xe  startup_iar.o [1]
  .text            ro code  0x00200de2    0xc  cstartup_M.o [4]
  .rodata          const    0x00200df0    0xc  leds_example.o [1]
  .rodata          const    0x00200dfc    0xc  leds_example.o [1]
  .rodata          const    0x00200e08    0x0  zero_init3.o [4]
                          - 0x00200e08  0xb7c

"A1":                                     0xc
  .flashcca        const    0x0027ffd4    0xc  startup_iar.o [1]
                          - 0x0027ffe0    0xc

"A2":                                   0x28c
  VTABLE           uninit   0x20004000  0x28c  interrupt.o [1]
                          - 0x2000428c  0x28c

"P2":                                   0x164
  .bss             zero     0x2000428c   0xc0  inchworm.o [1]
  .bss             zero     0x2000434c   0x40  inchworm.o [1]
  .bss             zero     0x2000438c   0x40  inchworm.o [1]
  .bss             zero     0x200043cc   0x10  inchworm.o [1]
  .bss             zero     0x200043dc    0x4  inchworm.o [1]
  .bss             zero     0x200043e0    0x4  inchworm.o [1]
  .bss             zero     0x200043e4    0x4  inchworm.o [1]
  .bss             zero     0x200043e8    0x4  inchworm.o [1]
  .bss             zero     0x200043ec    0x4  leds_example.o [1]
                          - 0x200043f0  0x164

"A3":                                   0x800
  CSTACK                    0x20007800  0x800  <Block>
    .stack         uninit   0x20007800    0x4  startup_iar.o [1]
    CSTACK         uninit   0x20007804  0x7fc  <Block tail>
                          - 0x20008000  0x800


*******************************************************************************
*** INIT TABLE
***

          Address     Size
          -------     ----
Zero (__iar_zero_init3)
    1 destination range, total size 0x164:
          0x2000428c  0x164



*******************************************************************************
*** MODULE SUMMARY
***

    Module                 ro code  ro data  rw data
    ------                 -------  -------  -------
C:\Users\kilberg\Documents\Mimsy2\iar\Mimsy2-Apps\Projects\Debug\Obj: [1]
    cpu.o                       16
    gpio.o                     158
    gptimer.o                  308
    inchworm.o                 808               352
    interrupt.o                216       20      652
    ioc.o                      272      256
    led.o                       76
    leds_example.o             280       48        4
    startup_iar.o               14      664        4
    sys_ctrl.o                 152       24
    ------------------------------------------------
    Total:                   2 300    1 012    1 012

command line: [2]
    ------------------------------------------------
    Total:

dl7M_tln.a: [3]
    exit.o                       4
    low_level_init.o             4
    ------------------------------------------------
    Total:                       8

rt7M_tl.a: [4]
    ABImemcpy_unaligned.o       86
    cexit.o                     10
    cmain.o                     26
    cstartup_M.o                12
    data_init.o                 40
    zero_init3.o                64
    ------------------------------------------------
    Total:                     238

shb_l.a: [5]
    exit.o                      20
    ------------------------------------------------
    Total:                      20

    Gaps                         8        2
    Linker created                       16    2 044
----------------------------------------------------
    Grand Total:             2 574    1 030    3 056


*******************************************************************************
*** ENTRY LIST
***

Entry                      Address   Size  Type      Object
-----                      -------   ----  ----      ------
.iar.init_table$$Base   0x00200c3c          --   Gb  - Linker created -
.iar.init_table$$Limit  0x00200c4c          --   Gb  - Linker created -
?main                   0x00200d4d         Code  Gb  cmain.o [4]
CPUcpsid                0x00200a55    0x8  Code  Gb  cpu.o [1]
CPUcpsie                0x00200a5d    0x8  Code  Gb  cpu.o [1]
CSTACK$$Base            0x20007800          --   Gb  - Linker created -
CSTACK$$Limit           0x20008000          --   Gb  - Linker created -
FaultISR                0x00200ddf    0x2  Code  Lc  startup_iar.o [1]
GPIODirModeSet          0x002009b5   0x48  Code  Gb  gpio.o [1]
GPIOPinRead             0x002009fd    0xa  Code  Gb  gpio.o [1]
GPIOPinTypeGPIOOutput   0x00200a13   0x20  Code  Gb  gpio.o [1]
GPIOPinTypeTimer        0x00200a33   0x20  Code  Gb  gpio.o [1]
GPIOPinWrite            0x00200a07    0xc  Code  Gb  gpio.o [1]
IOCPadConfigSet         0x00200843   0x62  Code  Gb  ioc.o [1]
IOCPinConfigPeriphOutput
                        0x002007cd   0x76  Code  Gb  ioc.o [1]
IntDefaultHandler       0x00200de1    0x2  Code  Lc  startup_iar.o [1]
IntEnable               0x0020093b   0x66  Code  Gb  interrupt.o [1]
IntMasterDisable        0x002008f1   0x14  Code  Gb  interrupt.o [1]
IntMasterEnable         0x002008dd   0x14  Code  Gb  interrupt.o [1]
IntRegister             0x00200905   0x36  Code  Gb  interrupt.o [1]
NmiISR                  0x00200ddd    0x2  Code  Lc  startup_iar.o [1]
PwmTimerAIntHandler     0x0020028d   0x78  Code  Gb  inchworm.o [1]
PwmTimerBIntHandler     0x00200305   0x16  Code  Gb  inchworm.o [1]
Region$$Table$$Base     0x00200c3c          --   Gb  - Linker created -
Region$$Table$$Limit    0x00200c4c          --   Gb  - Linker created -
ResetISR                0x00200dd5    0x8  Code  Lc  startup_iar.o [1]
STACK_TOP {Abs}         0x20008000         Data  Gb  command line/config [2]
SysCtrlClockGet         0x00200735   0x48  Code  Gb  sys_ctrl.o [1]
SysCtrlPeripheralEnable
                        0x0020077d   0x26  Code  Gb  sys_ctrl.o [1]
Timer1AIntHandler       0x00200a65   0x1e  Code  Gb  leds_example.o [1]
Timer1BIntHandler       0x00200a83   0x2e  Code  Gb  leds_example.o [1]
TimerConfigure          0x002005c9   0x30  Code  Gb  gptimer.o [1]
TimerControlEvent       0x0020061f   0x18  Code  Gb  gptimer.o [1]
TimerControlLevel       0x002005f9   0x26  Code  Gb  gptimer.o [1]
TimerEnable             0x002005b5   0x14  Code  Gb  gptimer.o [1]
TimerIntClear           0x002006e3    0x6  Code  Gb  gptimer.o [1]
TimerIntEnable          0x002006d5    0xe  Code  Gb  gptimer.o [1]
TimerIntRegister        0x00200673   0x50  Code  Gb  gptimer.o [1]
TimerLoadSet            0x00200637   0x16  Code  Gb  gptimer.o [1]
TimerMatchSet           0x0020065d   0x16  Code  Gb  gptimer.o [1]
TimerValueGet           0x0020064d   0x10  Code  Gb  gptimer.o [1]
__cca                   0x0027ffd4    0xc  Data  Gb  startup_iar.o [1]
__cmain                 0x00200d4d         Code  Gb  cmain.o [4]
__exit                  0x00200d7d   0x14  Code  Gb  exit.o [5]
__iar_data_init3        0x00200c15   0x28  Code  Gb  data_init.o [4]
__iar_program_start     0x00200de3         Code  Gb  cstartup_M.o [4]
__iar_systems$$module {Abs}
                        0x00000001         Data  Gb  command line/config [2]
__iar_unaligned_memcpy4
                        0x00200b7d         Code  Gb  ABImemcpy_unaligned.o [4]
__iar_unaligned_memcpy8
                        0x00200b7d         Code  Gb  ABImemcpy_unaligned.o [4]
__iar_zero_init3        0x00200bd3   0x40  Code  Gb  zero_init3.o [4]
__low_level_init        0x00200d67    0x4  Code  Gb  low_level_init.o [3]
__vector_table          0x00200000  0x28c  Data  Gb  startup_iar.o [1]
_call_main              0x00200d59         Code  Gb  cmain.o [4]
_exit                   0x00200d71         Code  Gb  cexit.o [4]
_main                   0x00200d63         Code  Gb  cmain.o [4]
activeDriveList         0x200043cc   0x10  Data  Gb  inchworm.o [1]
dummy_stack             0x20007800    0x4  Data  Lc  startup_iar.o [1]
exit                    0x00200d6b    0x4  Code  Gb  exit.o [3]
g_pfnRAMVectors         0x20004000  0x28c  Data  Lc  interrupt.o [1]
g_pui32EnRegs           0x00200dc0   0x14  Data  Lc  interrupt.o [1]
g_pui32IOCPortAOverrideReg
                        0x00200c4c   0x20  Data  Lc  ioc.o [1]
g_pui32IOCPortASignSelectReg
                        0x00200ccc   0x20  Data  Lc  ioc.o [1]
g_pui32IOCPortBOverrideReg
                        0x00200c6c   0x20  Data  Lc  ioc.o [1]
g_pui32IOCPortBSignSelectReg
                        0x00200cec   0x20  Data  Lc  ioc.o [1]
g_pui32IOCPortCOverrideReg
                        0x00200c8c   0x20  Data  Lc  ioc.o [1]
g_pui32IOCPortCSignSelectReg
                        0x00200d0c   0x20  Data  Lc  ioc.o [1]
g_pui32IOCPortDOverrideReg
                        0x00200cac   0x20  Data  Lc  ioc.o [1]
g_pui32IOCPortDSignSelectReg
                        0x00200d2c   0x20  Data  Lc  ioc.o [1]
g_pui32RCGCRegs         0x00200da8   0x18  Data  Lc  sys_ctrl.o [1]
gpio_state              0x200043ec    0x4  Data  Gb  leds_example.o [1]
inchwormDriveToPosition
                        0x00200557   0x20  Code  Gb  inchworm.o [1]
inchwormFreerun         0x002004f7   0x30  Code  Gb  inchworm.o [1]
inchwormHold            0x00200527   0x30  Code  Gb  inchworm.o [1]
inchwormInit            0x0020031b  0x1dc  Code  Gb  inchworm.o [1]
inchwormTimer           0x200043dc    0x4  Data  Gb  inchworm.o [1]
main                    0x00200ab1   0xaa  Code  Gb  leds_example.o [1]
mimsyLedClear           0x002006fb   0x10  Code  Gb  led.o [1]
mimsyLedSet             0x002006e9   0x12  Code  Gb  led.o [1]
mimsyLedToggle          0x0020070b   0x24  Code  Gb  led.o [1]
motorList               0x2000428c   0xc0  Data  Gb  inchworm.o [1]
motorsNum               0x200043e8    0x4  Data  Gb  inchworm.o [1]
stepCountList           0x2000434c   0x40  Data  Gb  inchworm.o [1]
stepTargetList          0x2000438c   0x40  Data  Gb  inchworm.o [1]
timerIntA               0x200043e0    0x4  Data  Gb  inchworm.o [1]
timerIntB               0x200043e4    0x4  Data  Gb  inchworm.o [1]


[1] = C:\Users\kilberg\Documents\Mimsy2\iar\Mimsy2-Apps\Projects\Debug\Obj
[2] = command line
[3] = dl7M_tln.a
[4] = rt7M_tl.a
[5] = shb_l.a

  2 574 bytes of readonly  code memory
  1 030 bytes of readonly  data memory
  3 056 bytes of readwrite data memory

Errors: none
Warnings: none
