###############################################################################
#
# IAR ELF Linker V8.11.3.13950/W32 for ARM                11/Oct/2017  12:19:04
# Copyright 2007-2017 IAR Systems AB.
#
#    Output file  =  
#        C:\Users\kilberg\Documents\Mimsy2\iar\Mimsy2-Apps\Projects\Debug\Exe\Mimsy2_dev.out
#    Map file     =  
#        C:\Users\kilberg\Documents\Mimsy2\iar\Mimsy2-Apps\Projects\Debug\List\Mimsy2_dev.map
#    Command line =  
#        -f C:\Users\kilberg\AppData\Local\Temp\EW51CE.tmp
#        (C:\Users\kilberg\Documents\Mimsy2\iar\Mimsy2-Apps\Projects\Debug\Obj\adc.o
#        C:\Users\kilberg\Documents\Mimsy2\iar\Mimsy2-Apps\Projects\Debug\Obj\aes.o
#        C:\Users\kilberg\Documents\Mimsy2\iar\Mimsy2-Apps\Projects\Debug\Obj\ccm.o
#        C:\Users\kilberg\Documents\Mimsy2\iar\Mimsy2-Apps\Projects\Debug\Obj\cpu.o
#        C:\Users\kilberg\Documents\Mimsy2\iar\Mimsy2-Apps\Projects\Debug\Obj\debug.o
#        C:\Users\kilberg\Documents\Mimsy2\iar\Mimsy2-Apps\Projects\Debug\Obj\flash.o
#        C:\Users\kilberg\Documents\Mimsy2\iar\Mimsy2-Apps\Projects\Debug\Obj\gpio.o
#        C:\Users\kilberg\Documents\Mimsy2\iar\Mimsy2-Apps\Projects\Debug\Obj\gptimer.o
#        C:\Users\kilberg\Documents\Mimsy2\iar\Mimsy2-Apps\Projects\Debug\Obj\i2c.o
#        C:\Users\kilberg\Documents\Mimsy2\iar\Mimsy2-Apps\Projects\Debug\Obj\inchworm.o
#        C:\Users\kilberg\Documents\Mimsy2\iar\Mimsy2-Apps\Projects\Debug\Obj\interrupt.o
#        C:\Users\kilberg\Documents\Mimsy2\iar\Mimsy2-Apps\Projects\Debug\Obj\ioc.o
#        C:\Users\kilberg\Documents\Mimsy2\iar\Mimsy2-Apps\Projects\Debug\Obj\led.o
#        C:\Users\kilberg\Documents\Mimsy2\iar\Mimsy2-Apps\Projects\Debug\Obj\leds_example.o
#        C:\Users\kilberg\Documents\Mimsy2\iar\Mimsy2-Apps\Projects\Debug\Obj\pka.o
#        C:\Users\kilberg\Documents\Mimsy2\iar\Mimsy2-Apps\Projects\Debug\Obj\sha256.o
#        C:\Users\kilberg\Documents\Mimsy2\iar\Mimsy2-Apps\Projects\Debug\Obj\sleepmode.o
#        C:\Users\kilberg\Documents\Mimsy2\iar\Mimsy2-Apps\Projects\Debug\Obj\ssi.o
#        C:\Users\kilberg\Documents\Mimsy2\iar\Mimsy2-Apps\Projects\Debug\Obj\startup_iar.o
#        C:\Users\kilberg\Documents\Mimsy2\iar\Mimsy2-Apps\Projects\Debug\Obj\sys_ctrl.o
#        C:\Users\kilberg\Documents\Mimsy2\iar\Mimsy2-Apps\Projects\Debug\Obj\systick.o
#        C:\Users\kilberg\Documents\Mimsy2\iar\Mimsy2-Apps\Projects\Debug\Obj\uart.o
#        C:\Users\kilberg\Documents\Mimsy2\iar\Mimsy2-Apps\Projects\Debug\Obj\udma.o
#        C:\Users\kilberg\Documents\Mimsy2\iar\Mimsy2-Apps\Projects\Debug\Obj\watchdog.o
#        -o
#        C:\Users\kilberg\Documents\Mimsy2\iar\Mimsy2-Apps\Projects\Debug\Exe\Mimsy2_dev.out
#        --map
#        C:\Users\kilberg\Documents\Mimsy2\iar\Mimsy2-Apps\Projects\Debug\List\Mimsy2_dev.map
#        --config "C:\Program Files (x86)\IAR Systems\Embedded Workbench
#        8.0\arm\config\linker\TexasInstruments\cx2538xf53.icf" --semihosting
#        --entry __iar_program_start --vfe --text_out locale)
#
###############################################################################

*******************************************************************************
*** RUNTIME MODEL ATTRIBUTES
***

CppFlavor       = *
__SystemLibrary = DLib
__dlib_version  = 6


*******************************************************************************
*** HEAP SELECTION
***

The basic heap was selected because no calls to memory allocation
functions were found in the application outside of system library
functions, and there are calls to deallocation functions in the
application.


*******************************************************************************
*** PLACEMENT SUMMARY
***

"A0":  place at 0x00200000 { ro section .intvec };
"A1":  place at start of [0x0027ffd4-0x0027ffdf] { ro section .flashcca };
"P1":  place in [from 0x00200000 to 0x0027ffd3] { ro };
"A2":  place at start of [0x20004000-0x20007fff] { section VTABLE };
define block HEAP with size = 4K, alignment = 8 { };
"P2":  place in [from 0x20004000 to 0x20007fff] { rw, block HEAP };
define block CSTACK with size = 2K, alignment = 8 { section .stack };
"A3":  place at end of [0x20004000-0x20007fff] { block CSTACK };
do not initialize { section .stack };

  Section          Kind        Address   Size  Object
  -------          ----        -------   ----  ------
"A0":                                   0x28c
  .intvec          const    0x00200000  0x28c  startup_iar.o [1]
                          - 0x0020028c  0x28c

"P1":                                   0xaac
  .text            ro code  0x0020028c  0x230  inchworm.o [1]
  .text            ro code  0x002004bc  0x134  gptimer.o [1]
  .text            ro code  0x002005f0   0x4c  led.o [1]
  .text            ro code  0x0020063c   0x98  sys_ctrl.o [1]
  .text            ro code  0x002006d4  0x110  ioc.o [1]
  .text            ro code  0x002007e4   0xd8  interrupt.o [1]
  .text            ro code  0x002008bc   0x9e  gpio.o [1]
  .text            ro code  0x0020095c   0x10  cpu.o [1]
  .text            ro code  0x0020096c  0x140  leds_example.o [1]
  .text            ro code  0x00200aac   0x56  ABImemcpy_unaligned.o [4]
  .text            ro code  0x00200b02   0x40  zero_init3.o [4]
  .text            ro code  0x00200b44   0x28  data_init.o [4]
  .iar.init_table  const    0x00200b6c   0x10  - Linker created -
  .rodata          const    0x00200b7c   0x20  ioc.o [1]
  .rodata          const    0x00200b9c   0x20  ioc.o [1]
  .rodata          const    0x00200bbc   0x20  ioc.o [1]
  .rodata          const    0x00200bdc   0x20  ioc.o [1]
  .rodata          const    0x00200bfc   0x20  ioc.o [1]
  .rodata          const    0x00200c1c   0x20  ioc.o [1]
  .rodata          const    0x00200c3c   0x20  ioc.o [1]
  .rodata          const    0x00200c5c   0x20  ioc.o [1]
  .text            ro code  0x00200c7c   0x1a  cmain.o [4]
  .text            ro code  0x00200c96    0x4  low_level_init.o [3]
  .text            ro code  0x00200c9a    0x4  exit.o [3]
  .text            ro code  0x00200ca0    0xa  cexit.o [4]
  .text            ro code  0x00200cac   0x14  exit.o [5]
  .rodata          const    0x00200cc0   0x18  leds_example.o [1]
  .rodata          const    0x00200cd8   0x18  sys_ctrl.o [1]
  .rodata          const    0x00200cf0   0x14  interrupt.o [1]
  .text            ro code  0x00200d04    0xe  startup_iar.o [1]
  .text            ro code  0x00200d12    0xc  cstartup_M.o [4]
  .rodata          const    0x00200d20    0xc  leds_example.o [1]
  .rodata          const    0x00200d2c    0xc  leds_example.o [1]
  .rodata          const    0x00200d38    0x0  zero_init3.o [4]
                          - 0x00200d38  0xaac

"A1":                                     0xc
  .flashcca        const    0x0027ffd4    0xc  startup_iar.o [1]
                          - 0x0027ffe0    0xc

"A2":                                   0x28c
  VTABLE           uninit   0x20004000  0x28c  interrupt.o [1]
                          - 0x2000428c  0x28c

"P2":                                    0x10
  .bss             zero     0x2000428c    0x4  inchworm.o [1]
  .bss             zero     0x20004290    0x4  leds_example.o [1]
  .bss             zero     0x20004294    0x4  leds_example.o [1]
  .bss             zero     0x20004298    0x4  leds_example.o [1]
                          - 0x2000429c   0x10

"A3":                                   0x800
  CSTACK                    0x20007800  0x800  <Block>
    .stack         uninit   0x20007800    0x4  startup_iar.o [1]
    CSTACK         uninit   0x20007804  0x7fc  <Block tail>
                          - 0x20008000  0x800


*******************************************************************************
*** INIT TABLE
***

          Address     Size
          -------     ----
Zero (__iar_zero_init3)
    1 destination range, total size 0x10:
          0x2000428c  0x10



*******************************************************************************
*** MODULE SUMMARY
***

    Module                 ro code  ro data  rw data
    ------                 -------  -------  -------
C:\Users\kilberg\Documents\Mimsy2\iar\Mimsy2-Apps\Projects\Debug\Obj: [1]
    cpu.o                       16
    gpio.o                     158
    gptimer.o                  308
    inchworm.o                 560                 4
    interrupt.o                216       20      652
    ioc.o                      272      256
    led.o                       76
    leds_example.o             320       48       12
    startup_iar.o               14      664        4
    sys_ctrl.o                 152       24
    ------------------------------------------------
    Total:                   2 092    1 012      672

command line: [2]
    ------------------------------------------------
    Total:

dl7M_tln.a: [3]
    exit.o                       4
    low_level_init.o             4
    ------------------------------------------------
    Total:                       8

rt7M_tl.a: [4]
    ABImemcpy_unaligned.o       86
    cexit.o                     10
    cmain.o                     26
    cstartup_M.o                12
    data_init.o                 40
    zero_init3.o                64
    ------------------------------------------------
    Total:                     238

shb_l.a: [5]
    exit.o                      20
    ------------------------------------------------
    Total:                      20

    Gaps                         8        2
    Linker created                       16    2 044
----------------------------------------------------
    Grand Total:             2 366    1 030    2 716


*******************************************************************************
*** ENTRY LIST
***

Entry                      Address   Size  Type      Object
-----                      -------   ----  ----      ------
.iar.init_table$$Base   0x00200b6c          --   Gb  - Linker created -
.iar.init_table$$Limit  0x00200b7c          --   Gb  - Linker created -
?main                   0x00200c7d         Code  Gb  cmain.o [4]
CPUcpsid                0x0020095d    0x8  Code  Gb  cpu.o [1]
CPUcpsie                0x00200965    0x8  Code  Gb  cpu.o [1]
CSTACK$$Base            0x20007800          --   Gb  - Linker created -
CSTACK$$Limit           0x20008000          --   Gb  - Linker created -
FaultISR                0x00200d0f    0x2  Code  Lc  startup_iar.o [1]
GPIODirModeSet          0x002008bd   0x48  Code  Gb  gpio.o [1]
GPIOPinRead             0x00200905    0xa  Code  Gb  gpio.o [1]
GPIOPinTypeGPIOOutput   0x0020091b   0x20  Code  Gb  gpio.o [1]
GPIOPinTypeTimer        0x0020093b   0x20  Code  Gb  gpio.o [1]
GPIOPinWrite            0x0020090f    0xc  Code  Gb  gpio.o [1]
IOCPadConfigSet         0x0020074b   0x62  Code  Gb  ioc.o [1]
IOCPinConfigPeriphOutput
                        0x002006d5   0x76  Code  Gb  ioc.o [1]
IntDefaultHandler       0x00200d11    0x2  Code  Lc  startup_iar.o [1]
IntEnable               0x00200843   0x66  Code  Gb  interrupt.o [1]
IntMasterDisable        0x002007f9   0x14  Code  Gb  interrupt.o [1]
IntMasterEnable         0x002007e5   0x14  Code  Gb  interrupt.o [1]
IntRegister             0x0020080d   0x36  Code  Gb  interrupt.o [1]
NmiISR                  0x00200d0d    0x2  Code  Lc  startup_iar.o [1]
PwmTimerAIntHandler     0x0020028d   0x12  Code  Gb  inchworm.o [1]
PwmTimerBIntHandler     0x0020029f   0x14  Code  Gb  inchworm.o [1]
Region$$Table$$Base     0x00200b6c          --   Gb  - Linker created -
Region$$Table$$Limit    0x00200b7c          --   Gb  - Linker created -
ResetISR                0x00200d05    0x8  Code  Lc  startup_iar.o [1]
STACK_TOP {Abs}         0x20008000         Data  Gb  command line/config [2]
SysCtrlClockGet         0x0020063d   0x48  Code  Gb  sys_ctrl.o [1]
SysCtrlPeripheralEnable
                        0x00200685   0x26  Code  Gb  sys_ctrl.o [1]
Timer1AIntHandler       0x0020096d   0x1e  Code  Gb  leds_example.o [1]
Timer1BIntHandler       0x0020098b   0x2e  Code  Gb  leds_example.o [1]
TimerConfigure          0x002004d1   0x30  Code  Gb  gptimer.o [1]
TimerControlEvent       0x00200527   0x18  Code  Gb  gptimer.o [1]
TimerControlLevel       0x00200501   0x26  Code  Gb  gptimer.o [1]
TimerEnable             0x002004bd   0x14  Code  Gb  gptimer.o [1]
TimerIntClear           0x002005eb    0x6  Code  Gb  gptimer.o [1]
TimerIntEnable          0x002005dd    0xe  Code  Gb  gptimer.o [1]
TimerIntRegister        0x0020057b   0x50  Code  Gb  gptimer.o [1]
TimerLoadSet            0x0020053f   0x16  Code  Gb  gptimer.o [1]
TimerMatchSet           0x00200565   0x16  Code  Gb  gptimer.o [1]
TimerValueGet           0x00200555   0x10  Code  Gb  gptimer.o [1]
__cca                   0x0027ffd4    0xc  Data  Gb  startup_iar.o [1]
__cmain                 0x00200c7d         Code  Gb  cmain.o [4]
__exit                  0x00200cad   0x14  Code  Gb  exit.o [5]
__iar_data_init3        0x00200b45   0x28  Code  Gb  data_init.o [4]
__iar_program_start     0x00200d13         Code  Gb  cstartup_M.o [4]
__iar_systems$$module {Abs}
                        0x00000001         Data  Gb  command line/config [2]
__iar_unaligned_memcpy4
                        0x00200aad         Code  Gb  ABImemcpy_unaligned.o [4]
__iar_unaligned_memcpy8
                        0x00200aad         Code  Gb  ABImemcpy_unaligned.o [4]
__iar_zero_init3        0x00200b03   0x40  Code  Gb  zero_init3.o [4]
__low_level_init        0x00200c97    0x4  Code  Gb  low_level_init.o [3]
__vector_table          0x00200000  0x28c  Data  Gb  startup_iar.o [1]
_call_main              0x00200c89         Code  Gb  cmain.o [4]
_exit                   0x00200ca1         Code  Gb  cexit.o [4]
_main                   0x00200c93         Code  Gb  cmain.o [4]
dummy_stack             0x20007800    0x4  Data  Lc  startup_iar.o [1]
exit                    0x00200c9b    0x4  Code  Gb  exit.o [3]
g_pfnRAMVectors         0x20004000  0x28c  Data  Lc  interrupt.o [1]
g_pui32EnRegs           0x00200cf0   0x14  Data  Lc  interrupt.o [1]
g_pui32IOCPortAOverrideReg
                        0x00200b7c   0x20  Data  Lc  ioc.o [1]
g_pui32IOCPortASignSelectReg
                        0x00200bfc   0x20  Data  Lc  ioc.o [1]
g_pui32IOCPortBOverrideReg
                        0x00200b9c   0x20  Data  Lc  ioc.o [1]
g_pui32IOCPortBSignSelectReg
                        0x00200c1c   0x20  Data  Lc  ioc.o [1]
g_pui32IOCPortCOverrideReg
                        0x00200bbc   0x20  Data  Lc  ioc.o [1]
g_pui32IOCPortCSignSelectReg
                        0x00200c3c   0x20  Data  Lc  ioc.o [1]
g_pui32IOCPortDOverrideReg
                        0x00200bdc   0x20  Data  Lc  ioc.o [1]
g_pui32IOCPortDSignSelectReg
                        0x00200c5c   0x20  Data  Lc  ioc.o [1]
g_pui32RCGCRegs         0x00200cd8   0x18  Data  Lc  sys_ctrl.o [1]
gpio_state              0x20004298    0x4  Data  Gb  leds_example.o [1]
inchwormFreerun         0x0020048d   0x30  Code  Gb  inchworm.o [1]
inchwormInit            0x002002b3  0x188  Code  Gb  inchworm.o [1]
inchwormRelease         0x0020045d   0x30  Code  Gb  inchworm.o [1]
inchwormTimer           0x2000428c    0x4  Data  Gb  inchworm.o [1]
main                    0x002009b9   0xc6  Code  Gb  leds_example.o [1]
mimsyLedClear           0x00200603   0x10  Code  Gb  led.o [1]
mimsyLedSet             0x002005f1   0x12  Code  Gb  led.o [1]
mimsyLedToggle          0x00200613   0x24  Code  Gb  led.o [1]
timer                   0x20004290    0x4  Data  Gb  leds_example.o [1]
timeroffset             0x20004294    0x4  Data  Gb  leds_example.o [1]


[1] = C:\Users\kilberg\Documents\Mimsy2\iar\Mimsy2-Apps\Projects\Debug\Obj
[2] = command line
[3] = dl7M_tln.a
[4] = rt7M_tl.a
[5] = shb_l.a

  2 366 bytes of readonly  code memory
  1 030 bytes of readonly  data memory
  2 716 bytes of readwrite data memory

Errors: none
Warnings: none
