###############################################################################
#
# IAR ELF Linker V8.11.3.13950/W32 for ARM                10/Oct/2017  17:27:18
# Copyright 2007-2017 IAR Systems AB.
#
#    Output file  =  
#        C:\Users\kilberg\Documents\Mimsy2\iar\Mimsy2-Apps\Projects\Debug\Exe\Mimsy2_dev.out
#    Map file     =  
#        C:\Users\kilberg\Documents\Mimsy2\iar\Mimsy2-Apps\Projects\Debug\List\Mimsy2_dev.map
#    Command line =  
#        -f C:\Users\kilberg\AppData\Local\Temp\EW3A92.tmp
#        (C:\Users\kilberg\Documents\Mimsy2\iar\Mimsy2-Apps\Projects\Debug\Obj\adc.o
#        C:\Users\kilberg\Documents\Mimsy2\iar\Mimsy2-Apps\Projects\Debug\Obj\aes.o
#        C:\Users\kilberg\Documents\Mimsy2\iar\Mimsy2-Apps\Projects\Debug\Obj\ccm.o
#        C:\Users\kilberg\Documents\Mimsy2\iar\Mimsy2-Apps\Projects\Debug\Obj\cpu.o
#        C:\Users\kilberg\Documents\Mimsy2\iar\Mimsy2-Apps\Projects\Debug\Obj\debug.o
#        C:\Users\kilberg\Documents\Mimsy2\iar\Mimsy2-Apps\Projects\Debug\Obj\flash.o
#        C:\Users\kilberg\Documents\Mimsy2\iar\Mimsy2-Apps\Projects\Debug\Obj\gpio.o
#        C:\Users\kilberg\Documents\Mimsy2\iar\Mimsy2-Apps\Projects\Debug\Obj\gptimer.o
#        C:\Users\kilberg\Documents\Mimsy2\iar\Mimsy2-Apps\Projects\Debug\Obj\i2c.o
#        C:\Users\kilberg\Documents\Mimsy2\iar\Mimsy2-Apps\Projects\Debug\Obj\interrupt.o
#        C:\Users\kilberg\Documents\Mimsy2\iar\Mimsy2-Apps\Projects\Debug\Obj\ioc.o
#        C:\Users\kilberg\Documents\Mimsy2\iar\Mimsy2-Apps\Projects\Debug\Obj\led.o
#        C:\Users\kilberg\Documents\Mimsy2\iar\Mimsy2-Apps\Projects\Debug\Obj\leds_example.o
#        C:\Users\kilberg\Documents\Mimsy2\iar\Mimsy2-Apps\Projects\Debug\Obj\pka.o
#        C:\Users\kilberg\Documents\Mimsy2\iar\Mimsy2-Apps\Projects\Debug\Obj\sha256.o
#        C:\Users\kilberg\Documents\Mimsy2\iar\Mimsy2-Apps\Projects\Debug\Obj\sleepmode.o
#        C:\Users\kilberg\Documents\Mimsy2\iar\Mimsy2-Apps\Projects\Debug\Obj\ssi.o
#        C:\Users\kilberg\Documents\Mimsy2\iar\Mimsy2-Apps\Projects\Debug\Obj\startup_iar.o
#        C:\Users\kilberg\Documents\Mimsy2\iar\Mimsy2-Apps\Projects\Debug\Obj\sys_ctrl.o
#        C:\Users\kilberg\Documents\Mimsy2\iar\Mimsy2-Apps\Projects\Debug\Obj\systick.o
#        C:\Users\kilberg\Documents\Mimsy2\iar\Mimsy2-Apps\Projects\Debug\Obj\uart.o
#        C:\Users\kilberg\Documents\Mimsy2\iar\Mimsy2-Apps\Projects\Debug\Obj\udma.o
#        C:\Users\kilberg\Documents\Mimsy2\iar\Mimsy2-Apps\Projects\Debug\Obj\watchdog.o
#        -o
#        C:\Users\kilberg\Documents\Mimsy2\iar\Mimsy2-Apps\Projects\Debug\Exe\Mimsy2_dev.out
#        --map
#        C:\Users\kilberg\Documents\Mimsy2\iar\Mimsy2-Apps\Projects\Debug\List\Mimsy2_dev.map
#        --config "C:\Program Files (x86)\IAR Systems\Embedded Workbench
#        8.0\arm\config\linker\TexasInstruments\cx2538xf53.icf" --semihosting
#        --entry __iar_program_start --vfe --text_out locale)
#
###############################################################################

*******************************************************************************
*** RUNTIME MODEL ATTRIBUTES
***

CppFlavor       = *
__SystemLibrary = DLib
__dlib_version  = 6


*******************************************************************************
*** HEAP SELECTION
***

The basic heap was selected because no calls to memory allocation
functions were found in the application outside of system library
functions, and there are calls to deallocation functions in the
application.


*******************************************************************************
*** PLACEMENT SUMMARY
***

"A0":  place at 0x00200000 { ro section .intvec };
"A1":  place at start of [0x0027ffd4-0x0027ffdf] { ro section .flashcca };
"P1":  place in [from 0x00200000 to 0x0027ffd3] { ro };
"A2":  place at start of [0x20004000-0x20007fff] { section VTABLE };
define block HEAP with size = 4K, alignment = 8 { };
"P2":  place in [from 0x20004000 to 0x20007fff] { rw, block HEAP };
define block CSTACK with size = 2K, alignment = 8 { section .stack };
"A3":  place at end of [0x20004000-0x20007fff] { block CSTACK };
do not initialize { section .stack };
initialize by copy { rw };

  Section            Kind        Address   Size  Object
  -------            ----        -------   ----  ------
"A0":                                     0x28c
  .intvec            const    0x00200000  0x28c  startup_iar.o [1]
                            - 0x0020028c  0x28c

"P1":                                     0xd06
  .text              ro code  0x0020028c  0x31c  leds_example.o [1]
  .text              ro code  0x002005a8  0x1ac  gptimer.o [1]
  .text              ro code  0x00200754   0x4c  led.o [1]
  .text              ro code  0x002007a0   0x9e  gpio.o [1]
  .text              ro code  0x00200840   0xd8  interrupt.o [1]
  .text              ro code  0x00200918   0x98  sys_ctrl.o [1]
  .text              ro code  0x002009b0  0x110  ioc.o [1]
  .text              ro code  0x00200ac0   0x28  printf.o [3]
  .text              ro code  0x00200ae8   0x10  cpu.o [1]
  .text              ro code  0x00200af8  0x13e  xprintftiny.o [3]
  .text              ro code  0x00200c38   0x36  strlen.o [4]
  .text              ro code  0x00200c70   0x68  iarttio.o [5]
  .text              ro code  0x00200cd8    0x8  XShttio.o [3]
  .text              ro code  0x00200ce0   0x38  packbits_init_single.o [4]
  .text              ro code  0x00200d18   0x28  data_init.o [4]
  .text              ro code  0x00200d40   0x22  iarwrite.o [5]
  .iar.init_table    const    0x00200d64   0x10  - Linker created -
  .rodata            const    0x00200d74   0x20  ioc.o [1]
  .rodata            const    0x00200d94   0x20  ioc.o [1]
  .rodata            const    0x00200db4   0x20  ioc.o [1]
  .rodata            const    0x00200dd4   0x20  ioc.o [1]
  .rodata            const    0x00200df4   0x20  ioc.o [1]
  .rodata            const    0x00200e14   0x20  ioc.o [1]
  .rodata            const    0x00200e34   0x20  ioc.o [1]
  .rodata            const    0x00200e54   0x20  ioc.o [1]
  .text              ro code  0x00200e74   0x20  putchar.o [3]
  .text              ro code  0x00200e94   0x10  write.o [5]
  .text              ro code  0x00200ea4   0x1e  dwrite.o [5]
  .text              ro code  0x00200ec2   0x20  iarwstd.o [5]
  .text              ro code  0x00200ee4   0x1a  cmain.o [4]
  .text              ro code  0x00200efe    0x4  low_level_init.o [3]
  .text              ro code  0x00200f02    0x4  exit.o [3]
  .text              ro code  0x00200f08    0xa  cexit.o [4]
  .text              ro code  0x00200f14   0x14  exit.o [5]
  .rodata            const    0x00200f28   0x18  sys_ctrl.o [1]
  .text              ro code  0x00200f40   0x16  xprout.o [3]
  .rodata            const    0x00200f58   0x14  interrupt.o [1]
  .text              ro code  0x00200f6c    0xe  startup_iar.o [1]
  .text              ro code  0x00200f7a    0xc  cstartup_M.o [4]
  .rodata            const    0x00200f86    0x0  packbits_init_single.o [4]
  Initializer bytes  const    0x00200f86    0xc  <for P2-1>
                            - 0x00200f92  0xd06

"A1":                                       0xc
  .flashcca          const    0x0027ffd4    0xc  startup_iar.o [1]
                            - 0x0027ffe0    0xc

"A2":                                     0x28c
  VTABLE             uninit   0x20004000  0x28c  interrupt.o [1]
                            - 0x2000428c  0x28c

"P2":                                      0x20
  P2-1                        0x2000428c   0x20  <Init block>
    .data            inited   0x2000428c    0x4  leds_example.o [1]
    .data            inited   0x20004290    0x4  leds_example.o [1]
    .data            inited   0x20004294    0x8  XShttio.o [3]
    .bss             inited   0x2000429c    0x4  leds_example.o [1]
    .bss             inited   0x200042a0    0x4  leds_example.o [1]
    .bss             inited   0x200042a4    0x4  leds_example.o [1]
    .bss             inited   0x200042a8    0x4  leds_example.o [1]
                            - 0x200042ac   0x20

"A3":                                     0x800
  CSTACK                      0x20007800  0x800  <Block>
    .stack           uninit   0x20007800    0x4  startup_iar.o [1]
    CSTACK           uninit   0x20007804  0x7fc  <Block tail>
                            - 0x20008000  0x800


*******************************************************************************
*** INIT TABLE
***

          Address     Size
          -------     ----
Copy/packbits (__iar_packbits_init_single3)
    1 source range, total size 0xc (37% of destination):
          0x00200f86   0xc
    1 destination range, total size 0x20:
          0x2000428c  0x20



*******************************************************************************
*** MODULE SUMMARY
***

    Module                  ro code  ro data  rw data
    ------                  -------  -------  -------
C:\Users\kilberg\Documents\Mimsy2\iar\Mimsy2-Apps\Projects\Debug\Obj: [1]
    cpu.o                        16
    gpio.o                      158
    gptimer.o                   428
    interrupt.o                 216       20      652
    ioc.o                       272      256
    led.o                        76
    leds_example.o              796        9       24
    startup_iar.o                14      664        4
    sys_ctrl.o                  152       24
    -------------------------------------------------
    Total:                    2 128      973      680

command line: [2]
    -------------------------------------------------
    Total:

dl7M_tln.a: [3]
    XShttio.o                     8        3        8
    exit.o                        4
    low_level_init.o              4
    printf.o                     40
    putchar.o                    32
    xprintftiny.o               318
    xprout.o                     22
    -------------------------------------------------
    Total:                      428        3        8

rt7M_tl.a: [4]
    cexit.o                      10
    cmain.o                      26
    cstartup_M.o                 12
    data_init.o                  40
    packbits_init_single.o       56
    strlen.o                     54
    -------------------------------------------------
    Total:                      198

shb_l.a: [5]
    dwrite.o                     30
    exit.o                       20
    iarttio.o                   104
    iarwrite.o                   34
    iarwstd.o                    32
    write.o                      16
    -------------------------------------------------
    Total:                      236

    Gaps                         12        4
    Linker created                        16    2 044
-----------------------------------------------------
    Grand Total:              3 002      996    2 732


*******************************************************************************
*** ENTRY LIST
***

Entry                      Address   Size  Type      Object
-----                      -------   ----  ----      ------
.iar.init_table$$Base   0x00200d64          --   Gb  - Linker created -
.iar.init_table$$Limit  0x00200d74          --   Gb  - Linker created -
?main                   0x00200ee5         Code  Gb  cmain.o [4]
CPUcpsid                0x00200ae9    0x8  Code  Gb  cpu.o [1]
CPUcpsie                0x00200af1    0x8  Code  Gb  cpu.o [1]
CSTACK$$Base            0x20007800          --   Gb  - Linker created -
CSTACK$$Limit           0x20008000          --   Gb  - Linker created -
FaultISR                0x00200f77    0x2  Code  Lc  startup_iar.o [1]
GPIODirModeSet          0x002007a1   0x48  Code  Gb  gpio.o [1]
GPIOPinRead             0x002007e9    0xa  Code  Gb  gpio.o [1]
GPIOPinTypeGPIOOutput   0x002007ff   0x20  Code  Gb  gpio.o [1]
GPIOPinTypeTimer        0x0020081f   0x20  Code  Gb  gpio.o [1]
GPIOPinWrite            0x002007f3    0xc  Code  Gb  gpio.o [1]
IOCPadConfigSet         0x00200a27   0x62  Code  Gb  ioc.o [1]
IOCPinConfigPeriphOutput
                        0x002009b1   0x76  Code  Gb  ioc.o [1]
IntDefaultHandler       0x00200f79    0x2  Code  Lc  startup_iar.o [1]
IntEnable               0x0020089f   0x66  Code  Gb  interrupt.o [1]
IntMasterDisable        0x00200855   0x14  Code  Gb  interrupt.o [1]
IntMasterEnable         0x00200841   0x14  Code  Gb  interrupt.o [1]
IntRegister             0x00200869   0x36  Code  Gb  interrupt.o [1]
NmiISR                  0x00200f75    0x2  Code  Lc  startup_iar.o [1]
Region$$Table$$Base     0x00200d64          --   Gb  - Linker created -
Region$$Table$$Limit    0x00200d74          --   Gb  - Linker created -
ResetISR                0x00200f6d    0x8  Code  Lc  startup_iar.o [1]
STACK_TOP {Abs}         0x20008000         Data  Gb  command line/config [2]
SysCtrlClockGet         0x00200919   0x48  Code  Gb  sys_ctrl.o [1]
SysCtrlPeripheralEnable
                        0x00200961   0x26  Code  Gb  sys_ctrl.o [1]
Timer1AIntHandler       0x0020028d   0x1e  Code  Gb  leds_example.o [1]
Timer1BIntHandler       0x002002ab   0x2e  Code  Gb  leds_example.o [1]
TimerConfigure          0x002005d3   0x30  Code  Gb  gptimer.o [1]
TimerControlEvent       0x00200629   0x18  Code  Gb  gptimer.o [1]
TimerControlLevel       0x00200603   0x26  Code  Gb  gptimer.o [1]
TimerControlWaitOnTrigger
                        0x00200641   0x54  Code  Gb  gptimer.o [1]
TimerDisable            0x002005bd   0x16  Code  Gb  gptimer.o [1]
TimerEnable             0x002005a9   0x14  Code  Gb  gptimer.o [1]
TimerIntClear           0x0020074f    0x6  Code  Gb  gptimer.o [1]
TimerIntEnable          0x00200741    0xe  Code  Gb  gptimer.o [1]
TimerIntRegister        0x002006e1   0x50  Code  Gb  gptimer.o [1]
TimerLoadGet            0x002006ab   0x10  Code  Gb  gptimer.o [1]
TimerLoadSet            0x00200695   0x16  Code  Gb  gptimer.o [1]
TimerMatchSet           0x002006cb   0x16  Code  Gb  gptimer.o [1]
TimerValueGet           0x002006bb   0x10  Code  Gb  gptimer.o [1]
_PrintfTiny             0x00200b11  0x126  Code  Gb  xprintftiny.o [3]
_Prout                  0x00200f41   0x16  Code  Gb  xprout.o [3]
__cca                   0x0027ffd4    0xc  Data  Gb  startup_iar.o [1]
__cmain                 0x00200ee5         Code  Gb  cmain.o [4]
__dwrite                0x00200ea5   0x1e  Code  Gb  dwrite.o [5]
__exit                  0x00200f15   0x14  Code  Gb  exit.o [5]
__iar_close_ttio        0x00200c71   0x2c  Code  Gb  iarttio.o [5]
__iar_data_init3        0x00200d19   0x28  Code  Gb  data_init.o [4]
__iar_get_ttio          0x00200c9d   0x38  Code  Gb  iarttio.o [5]
__iar_lookup_ttioh      0x00200cd9    0x8  Code  Gb  XShttio.o [3]
__iar_packbits_init_single3
                        0x00200ce1   0x38  Code  Gb  packbits_init_single.o [4]
__iar_program_start     0x00200f7b         Code  Gb  cstartup_M.o [4]
__iar_sh_stdout         0x00200ec3   0x20  Code  Gb  iarwstd.o [5]
__iar_sh_write          0x00200d41   0x22  Code  Gb  iarwrite.o [5]
__iar_systems$$module {Abs}
                        0x00000001         Data  Gb  command line/config [2]
__iar_ttio_handles      0x20004294    0x8  Data  Lc  XShttio.o [3]
__low_level_init        0x00200eff    0x4  Code  Gb  low_level_init.o [3]
__vector_table          0x00200000  0x28c  Data  Gb  startup_iar.o [1]
__write                 0x00200e95   0x10  Code  Gb  write.o [5]
_call_main              0x00200ef1         Code  Gb  cmain.o [4]
_exit                   0x00200f09         Code  Gb  cexit.o [4]
_main                   0x00200efb         Code  Gb  cmain.o [4]
dummy_stack             0x20007800    0x4  Data  Lc  startup_iar.o [1]
dutycycle               0x20004290    0x4  Data  Gb  leds_example.o [1]
exit                    0x00200f03    0x4  Code  Gb  exit.o [3]
frequency               0x2000428c    0x4  Data  Gb  leds_example.o [1]
g_pfnRAMVectors         0x20004000  0x28c  Data  Lc  interrupt.o [1]
g_pui32EnRegs           0x00200f58   0x14  Data  Lc  interrupt.o [1]
g_pui32IOCPortAOverrideReg
                        0x00200d74   0x20  Data  Lc  ioc.o [1]
g_pui32IOCPortASignSelectReg
                        0x00200df4   0x20  Data  Lc  ioc.o [1]
g_pui32IOCPortBOverrideReg
                        0x00200d94   0x20  Data  Lc  ioc.o [1]
g_pui32IOCPortBSignSelectReg
                        0x00200e14   0x20  Data  Lc  ioc.o [1]
g_pui32IOCPortCOverrideReg
                        0x00200db4   0x20  Data  Lc  ioc.o [1]
g_pui32IOCPortCSignSelectReg
                        0x00200e34   0x20  Data  Lc  ioc.o [1]
g_pui32IOCPortDOverrideReg
                        0x00200dd4   0x20  Data  Lc  ioc.o [1]
g_pui32IOCPortDSignSelectReg
                        0x00200e54   0x20  Data  Lc  ioc.o [1]
g_pui32RCGCRegs         0x00200f28   0x18  Data  Lc  sys_ctrl.o [1]
gpio_state              0x200042a8    0x4  Data  Gb  leds_example.o [1]
load                    0x200042a4    0x4  Data  Gb  leds_example.o [1]
main                    0x002002d9  0x292  Code  Gb  leds_example.o [1]
mimsyLedClear           0x00200767   0x10  Code  Gb  led.o [1]
mimsyLedSet             0x00200755   0x12  Code  Gb  led.o [1]
mimsyLedToggle          0x00200777   0x24  Code  Gb  led.o [1]
out                     0x00200af9   0x18  Code  Lc  xprintftiny.o [3]
printf                  0x00200ac1   0x28  Code  Gb  printf.o [3]
putchar                 0x00200e75   0x20  Code  Gb  putchar.o [3]
strlen                  0x00200c39         Code  Gb  strlen.o [4]
timer                   0x2000429c    0x4  Data  Gb  leds_example.o [1]
timeroffset             0x200042a0    0x4  Data  Gb  leds_example.o [1]


[1] = C:\Users\kilberg\Documents\Mimsy2\iar\Mimsy2-Apps\Projects\Debug\Obj
[2] = command line
[3] = dl7M_tln.a
[4] = rt7M_tl.a
[5] = shb_l.a

  3 002 bytes of readonly  code memory
    996 bytes of readonly  data memory
  2 732 bytes of readwrite data memory

Errors: none
Warnings: none
